21:21:10 **** Build of configuration Debug for project Ex1 ****
make -j8 all 
arm-none-eabi-gcc "../Drivers/STM32F1xx_HAL_Driver/Src/stm32f1xx_hal.c" -mcpu=cortex-m3 -std=gnu11 -g3 -DDEBUG -DUSE_HAL_DRIVER -DSTM32F103x6 -c -I../Core/Inc -I../Drivers/STM32F1xx_HAL_Driver/Inc -I../Drivers/STM32F1xx_HAL_Driver/Inc/Legacy -I../Drivers/CMSIS/Device/ST/STM32F1xx/Include -I../Drivers/CMSIS/Include -O0 -ffunction-sections -fdata-sections -Wall -fstack-usage -MMD -MP -MF"Drivers/STM32F1xx_HAL_Driver/Src/stm32f1xx_hal.d" -MT"Drivers/STM32F1xx_HAL_Driver/Src/stm32f1xx_hal.o" --specs=nano.specs -mfloat-abi=soft -mthumb -o "Drivers/STM32F1xx_HAL_Driver/Src/stm32f1xx_hal.o"
arm-none-eabi-gcc "../Drivers/STM32F1xx_HAL_Driver/Src/stm32f1xx_hal_cortex.c" -mcpu=cortex-m3 -std=gnu11 -g3 -DDEBUG -DUSE_HAL_DRIVER -DSTM32F103x6 -c -I../Core/Inc -I../Drivers/STM32F1xx_HAL_Driver/Inc -I../Drivers/STM32F1xx_HAL_Driver/Inc/Legacy -I../Drivers/CMSIS/Device/ST/STM32F1xx/Include -I../Drivers/CMSIS/Include -O0 -ffunction-sections -fdata-sections -Wall -fstack-usage -MMD -MP -MF"Drivers/STM32F1xx_HAL_Driver/Src/stm32f1xx_hal_cortex.d" -MT"Drivers/STM32F1xx_HAL_Driver/Src/stm32f1xx_hal_cortex.o" --specs=nano.specs -mfloat-abi=soft -mthumb -o "Drivers/STM32F1xx_HAL_Driver/Src/stm32f1xx_hal_cortex.o"
arm-none-eabi-gcc "../Drivers/STM32F1xx_HAL_Driver/Src/stm32f1xx_hal_dma.c" -mcpu=cortex-m3 -std=gnu11 -g3 -DDEBUG -DUSE_HAL_DRIVER -DSTM32F103x6 -c -I../Core/Inc -I../Drivers/STM32F1xx_HAL_Driver/Inc -I../Drivers/STM32F1xx_HAL_Driver/Inc/Legacy -I../Drivers/CMSIS/Device/ST/STM32F1xx/Include -I../Drivers/CMSIS/Include -O0 -ffunction-sections -fdata-sections -Wall -fstack-usage -MMD -MP -MF"Drivers/STM32F1xx_HAL_Driver/Src/stm32f1xx_hal_dma.d" -MT"Drivers/STM32F1xx_HAL_Driver/Src/stm32f1xx_hal_dma.o" --specs=nano.specs -mfloat-abi=soft -mthumb -o "Drivers/STM32F1xx_HAL_Driver/Src/stm32f1xx_hal_dma.o"
arm-none-eabi-gcc "../Drivers/STM32F1xx_HAL_Driver/Src/stm32f1xx_hal_exti.c" -mcpu=cortex-m3 -std=gnu11 -g3 -DDEBUG -DUSE_HAL_DRIVER -DSTM32F103x6 -c -I../Core/Inc -I../Drivers/STM32F1xx_HAL_Driver/Inc -I../Drivers/STM32F1xx_HAL_Driver/Inc/Legacy -I../Drivers/CMSIS/Device/ST/STM32F1xx/Include -I../Drivers/CMSIS/Include -O0 -ffunction-sections -fdata-sections -Wall -fstack-usage -MMD -MP -MF"Drivers/STM32F1xx_HAL_Driver/Src/stm32f1xx_hal_exti.d" -MT"Drivers/STM32F1xx_HAL_Driver/Src/stm32f1xx_hal_exti.o" --specs=nano.specs -mfloat-abi=soft -mthumb -o "Drivers/STM32F1xx_HAL_Driver/Src/stm32f1xx_hal_exti.o"
arm-none-eabi-gcc "../Drivers/STM32F1xx_HAL_Driver/Src/stm32f1xx_hal_flash.c" -mcpu=cortex-m3 -std=gnu11 -g3 -DDEBUG -DUSE_HAL_DRIVER -DSTM32F103x6 -c -I../Core/Inc -I../Drivers/STM32F1xx_HAL_Driver/Inc -I../Drivers/STM32F1xx_HAL_Driver/Inc/Legacy -I../Drivers/CMSIS/Device/ST/STM32F1xx/Include -I../Drivers/CMSIS/Include -O0 -ffunction-sections -fdata-sections -Wall -fstack-usage -MMD -MP -MF"Drivers/STM32F1xx_HAL_Driver/Src/stm32f1xx_hal_flash.d" -MT"Drivers/STM32F1xx_HAL_Driver/Src/stm32f1xx_hal_flash.o" --specs=nano.specs -mfloat-abi=soft -mthumb -o "Drivers/STM32F1xx_HAL_Driver/Src/stm32f1xx_hal_flash.o"
arm-none-eabi-gcc "../Drivers/STM32F1xx_HAL_Driver/Src/stm32f1xx_hal_flash_ex.c" -mcpu=cortex-m3 -std=gnu11 -g3 -DDEBUG -DUSE_HAL_DRIVER -DSTM32F103x6 -c -I../Core/Inc -I../Drivers/STM32F1xx_HAL_Driver/Inc -I../Drivers/STM32F1xx_HAL_Driver/Inc/Legacy -I../Drivers/CMSIS/Device/ST/STM32F1xx/Include -I../Drivers/CMSIS/Include -O0 -ffunction-sections -fdata-sections -Wall -fstack-usage -MMD -MP -MF"Drivers/STM32F1xx_HAL_Driver/Src/stm32f1xx_hal_flash_ex.d" -MT"Drivers/STM32F1xx_HAL_Driver/Src/stm32f1xx_hal_flash_ex.o" --specs=nano.specs -mfloat-abi=soft -mthumb -o "Drivers/STM32F1xx_HAL_Driver/Src/stm32f1xx_hal_flash_ex.o"
arm-none-eabi-gcc "../Drivers/STM32F1xx_HAL_Driver/Src/stm32f1xx_hal_gpio.c" -mcpu=cortex-m3 -std=gnu11 -g3 -DDEBUG -DUSE_HAL_DRIVER -DSTM32F103x6 -c -I../Core/Inc -I../Drivers/STM32F1xx_HAL_Driver/Inc -I../Drivers/STM32F1xx_HAL_Driver/Inc/Legacy -I../Drivers/CMSIS/Device/ST/STM32F1xx/Include -I../Drivers/CMSIS/Include -O0 -ffunction-sections -fdata-sections -Wall -fstack-usage -MMD -MP -MF"Drivers/STM32F1xx_HAL_Driver/Src/stm32f1xx_hal_gpio.d" -MT"Drivers/STM32F1xx_HAL_Driver/Src/stm32f1xx_hal_gpio.o" --specs=nano.specs -mfloat-abi=soft -mthumb -o "Drivers/STM32F1xx_HAL_Driver/Src/stm32f1xx_hal_gpio.o"
arm-none-eabi-gcc "../Drivers/STM32F1xx_HAL_Driver/Src/stm32f1xx_hal_gpio_ex.c" -mcpu=cortex-m3 -std=gnu11 -g3 -DDEBUG -DUSE_HAL_DRIVER -DSTM32F103x6 -c -I../Core/Inc -I../Drivers/STM32F1xx_HAL_Driver/Inc -I../Drivers/STM32F1xx_HAL_Driver/Inc/Legacy -I../Drivers/CMSIS/Device/ST/STM32F1xx/Include -I../Drivers/CMSIS/Include -O0 -ffunction-sections -fdata-sections -Wall -fstack-usage -MMD -MP -MF"Drivers/STM32F1xx_HAL_Driver/Src/stm32f1xx_hal_gpio_ex.d" -MT"Drivers/STM32F1xx_HAL_Driver/Src/stm32f1xx_hal_gpio_ex.o" --specs=nano.specs -mfloat-abi=soft -mthumb -o "Drivers/STM32F1xx_HAL_Driver/Src/stm32f1xx_hal_gpio_ex.o"
arm-none-eabi-gcc "../Drivers/STM32F1xx_HAL_Driver/Src/stm32f1xx_hal_pwr.c" -mcpu=cortex-m3 -std=gnu11 -g3 -DDEBUG -DUSE_HAL_DRIVER -DSTM32F103x6 -c -I../Core/Inc -I../Drivers/STM32F1xx_HAL_Driver/Inc -I../Drivers/STM32F1xx_HAL_Driver/Inc/Legacy -I../Drivers/CMSIS/Device/ST/STM32F1xx/Include -I../Drivers/CMSIS/Include -O0 -ffunction-sections -fdata-sections -Wall -fstack-usage -MMD -MP -MF"Drivers/STM32F1xx_HAL_Driver/Src/stm32f1xx_hal_pwr.d" -MT"Drivers/STM32F1xx_HAL_Driver/Src/stm32f1xx_hal_pwr.o" --specs=nano.specs -mfloat-abi=soft -mthumb -o "Drivers/STM32F1xx_HAL_Driver/Src/stm32f1xx_hal_pwr.o"
arm-none-eabi-gcc "../Drivers/STM32F1xx_HAL_Driver/Src/stm32f1xx_hal_rcc.c" -mcpu=cortex-m3 -std=gnu11 -g3 -DDEBUG -DUSE_HAL_DRIVER -DSTM32F103x6 -c -I../Core/Inc -I../Drivers/STM32F1xx_HAL_Driver/Inc -I../Drivers/STM32F1xx_HAL_Driver/Inc/Legacy -I../Drivers/CMSIS/Device/ST/STM32F1xx/Include -I../Drivers/CMSIS/Include -O0 -ffunction-sections -fdata-sections -Wall -fstack-usage -MMD -MP -MF"Drivers/STM32F1xx_HAL_Driver/Src/stm32f1xx_hal_rcc.d" -MT"Drivers/STM32F1xx_HAL_Driver/Src/stm32f1xx_hal_rcc.o" --specs=nano.specs -mfloat-abi=soft -mthumb -o "Drivers/STM32F1xx_HAL_Driver/Src/stm32f1xx_hal_rcc.o"
arm-none-eabi-gcc "../Drivers/STM32F1xx_HAL_Driver/Src/stm32f1xx_hal_rcc_ex.c" -mcpu=cortex-m3 -std=gnu11 -g3 -DDEBUG -DUSE_HAL_DRIVER -DSTM32F103x6 -c -I../Core/Inc -I../Drivers/STM32F1xx_HAL_Driver/Inc -I../Drivers/STM32F1xx_HAL_Driver/Inc/Legacy -I../Drivers/CMSIS/Device/ST/STM32F1xx/Include -I../Drivers/CMSIS/Include -O0 -ffunction-sections -fdata-sections -Wall -fstack-usage -MMD -MP -MF"Drivers/STM32F1xx_HAL_Driver/Src/stm32f1xx_hal_rcc_ex.d" -MT"Drivers/STM32F1xx_HAL_Driver/Src/stm32f1xx_hal_rcc_ex.o" --specs=nano.specs -mfloat-abi=soft -mthumb -o "Drivers/STM32F1xx_HAL_Driver/Src/stm32f1xx_hal_rcc_ex.o"
arm-none-eabi-gcc "../Drivers/STM32F1xx_HAL_Driver/Src/stm32f1xx_hal_tim.c" -mcpu=cortex-m3 -std=gnu11 -g3 -DDEBUG -DUSE_HAL_DRIVER -DSTM32F103x6 -c -I../Core/Inc -I../Drivers/STM32F1xx_HAL_Driver/Inc -I../Drivers/STM32F1xx_HAL_Driver/Inc/Legacy -I../Drivers/CMSIS/Device/ST/STM32F1xx/Include -I../Drivers/CMSIS/Include -O0 -ffunction-sections -fdata-sections -Wall -fstack-usage -MMD -MP -MF"Drivers/STM32F1xx_HAL_Driver/Src/stm32f1xx_hal_tim.d" -MT"Drivers/STM32F1xx_HAL_Driver/Src/stm32f1xx_hal_tim.o" --specs=nano.specs -mfloat-abi=soft -mthumb -o "Drivers/STM32F1xx_HAL_Driver/Src/stm32f1xx_hal_tim.o"
arm-none-eabi-gcc "../Drivers/STM32F1xx_HAL_Driver/Src/stm32f1xx_hal_tim_ex.c" -mcpu=cortex-m3 -std=gnu11 -g3 -DDEBUG -DUSE_HAL_DRIVER -DSTM32F103x6 -c -I../Core/Inc -I../Drivers/STM32F1xx_HAL_Driver/Inc -I../Drivers/STM32F1xx_HAL_Driver/Inc/Legacy -I../Drivers/CMSIS/Device/ST/STM32F1xx/Include -I../Drivers/CMSIS/Include -O0 -ffunction-sections -fdata-sections -Wall -fstack-usage -MMD -MP -MF"Drivers/STM32F1xx_HAL_Driver/Src/stm32f1xx_hal_tim_ex.d" -MT"Drivers/STM32F1xx_HAL_Driver/Src/stm32f1xx_hal_tim_ex.o" --specs=nano.specs -mfloat-abi=soft -mthumb -o "Drivers/STM32F1xx_HAL_Driver/Src/stm32f1xx_hal_tim_ex.o"
arm-none-eabi-gcc -mcpu=cortex-m3 -g3 -DDEBUG -c -x assembler-with-cpp -MMD -MP -MF"Core/Startup/startup_stm32f103c6ux.d" -MT"Core/Startup/startup_stm32f103c6ux.o" --specs=nano.specs -mfloat-abi=soft -mthumb -o "Core/Startup/startup_stm32f103c6ux.o" "../Core/Startup/startup_stm32f103c6ux.s"
arm-none-eabi-gcc "../Core/Src/main.c" -mcpu=cortex-m3 -std=gnu11 -g3 -DDEBUG -DUSE_HAL_DRIVER -DSTM32F103x6 -c -I../Core/Inc -I../Drivers/STM32F1xx_HAL_Driver/Inc -I../Drivers/STM32F1xx_HAL_Driver/Inc/Legacy -I../Drivers/CMSIS/Device/ST/STM32F1xx/Include -I../Drivers/CMSIS/Include -O0 -ffunction-sections -fdata-sections -Wall -fstack-usage -MMD -MP -MF"Core/Src/main.d" -MT"Core/Src/main.o" --specs=nano.specs -mfloat-abi=soft -mthumb -o "Core/Src/main.o"
arm-none-eabi-gcc "../Core/Src/stm32f1xx_hal_msp.c" -mcpu=cortex-m3 -std=gnu11 -g3 -DDEBUG -DUSE_HAL_DRIVER -DSTM32F103x6 -c -I../Core/Inc -I../Drivers/STM32F1xx_HAL_Driver/Inc -I../Drivers/STM32F1xx_HAL_Driver/Inc/Legacy -I../Drivers/CMSIS/Device/ST/STM32F1xx/Include -I../Drivers/CMSIS/Include -O0 -ffunction-sections -fdata-sections -Wall -fstack-usage -MMD -MP -MF"Core/Src/stm32f1xx_hal_msp.d" -MT"Core/Src/stm32f1xx_hal_msp.o" --specs=nano.specs -mfloat-abi=soft -mthumb -o "Core/Src/stm32f1xx_hal_msp.o"
arm-none-eabi-gcc "../Core/Src/stm32f1xx_it.c" -mcpu=cortex-m3 -std=gnu11 -g3 -DDEBUG -DUSE_HAL_DRIVER -DSTM32F103x6 -c -I../Core/Inc -I../Drivers/STM32F1xx_HAL_Driver/Inc -I../Drivers/STM32F1xx_HAL_Driver/Inc/Legacy -I../Drivers/CMSIS/Device/ST/STM32F1xx/Include -I../Drivers/CMSIS/Include -O0 -ffunction-sections -fdata-sections -Wall -fstack-usage -MMD -MP -MF"Core/Src/stm32f1xx_it.d" -MT"Core/Src/stm32f1xx_it.o" --specs=nano.specs -mfloat-abi=soft -mthumb -o "Core/Src/stm32f1xx_it.o"
arm-none-eabi-gcc "../Core/Src/syscalls.c" -mcpu=cortex-m3 -std=gnu11 -g3 -DDEBUG -DUSE_HAL_DRIVER -DSTM32F103x6 -c -I../Core/Inc -I../Drivers/STM32F1xx_HAL_Driver/Inc -I../Drivers/STM32F1xx_HAL_Driver/Inc/Legacy -I../Drivers/CMSIS/Device/ST/STM32F1xx/Include -I../Drivers/CMSIS/Include -O0 -ffunction-sections -fdata-sections -Wall -fstack-usage -MMD -MP -MF"Core/Src/syscalls.d" -MT"Core/Src/syscalls.o" --specs=nano.specs -mfloat-abi=soft -mthumb -o "Core/Src/syscalls.o"
arm-none-eabi-gcc "../Core/Src/sysmem.c" -mcpu=cortex-m3 -std=gnu11 -g3 -DDEBUG -DUSE_HAL_DRIVER -DSTM32F103x6 -c -I../Core/Inc -I../Drivers/STM32F1xx_HAL_Driver/Inc -I../Drivers/STM32F1xx_HAL_Driver/Inc/Legacy -I../Drivers/CMSIS/Device/ST/STM32F1xx/Include -I../Drivers/CMSIS/Include -O0 -ffunction-sections -fdata-sections -Wall -fstack-usage -MMD -MP -MF"Core/Src/sysmem.d" -MT"Core/Src/sysmem.o" --specs=nano.specs -mfloat-abi=soft -mthumb -o "Core/Src/sysmem.o"
arm-none-eabi-gcc "../Core/Src/system_stm32f1xx.c" -mcpu=cortex-m3 -std=gnu11 -g3 -DDEBUG -DUSE_HAL_DRIVER -DSTM32F103x6 -c -I../Core/Inc -I../Drivers/STM32F1xx_HAL_Driver/Inc -I../Drivers/STM32F1xx_HAL_Driver/Inc/Legacy -I../Drivers/CMSIS/Device/ST/STM32F1xx/Include -I../Drivers/CMSIS/Include -O0 -ffunction-sections -fdata-sections -Wall -fstack-usage -MMD -MP -MF"Core/Src/system_stm32f1xx.d" -MT"Core/Src/system_stm32f1xx.o" --specs=nano.specs -mfloat-abi=soft -mthumb -o "Core/Src/system_stm32f1xx.o"
arm-none-eabi-gcc -o "Ex1.elf" @"objects.list"   -mcpu=cortex-m3 -T"C:\Users\nguye\Desktop\VXL\Ex1\Ex1\STM32F103C6UX_FLASH.ld" --specs=nosys.specs -Wl,-Map="Ex1.map" -Wl,--gc-sections -static --specs=nano.specs -mfloat-abi=soft -mthumb -Wl,--start-group -lc -lm -Wl,--end-group
Finished building target: Ex1.elf
 
arm-none-eabi-size   Ex1.elf 
arm-none-eabi-objdump -h -S  Ex1.elf  > "Ex1.list"
arm-none-eabi-objcopy  -O binary  Ex1.elf  "Ex1.bin"
   text	   data	    bss	    dec	    hex	filename
   4592	     20	   1572	   6184	   1828	Ex1.elf
Finished building: default.size.stdout
 
Finished building: Ex1.bin
 
Finished building: Ex1.list
 
21:35:17 **** Incremental Build of configuration Debug for project Ex1 ****
make -j8 all 
arm-none-eabi-gcc -o "Ex1.elf" @"objects.list"   -mcpu=cortex-m3 -T"C:\Users\nguye\Desktop\VXL\Ex1\Ex1\STM32F103C6UX_FLASH.ld" --specs=nosys.specs -Wl,-Map="Ex1.map" -Wl,--gc-sections -static --specs=nano.specs -mfloat-abi=soft -mthumb -Wl,--start-group -lc -lm -Wl,--end-group
Finished building target: Ex1.elf
 
arm-none-eabi-size   Ex1.elf 
arm-none-eabi-objdump -h -S  Ex1.elf  > "Ex1.list"
arm-none-eabi-objcopy  -O ihex  Ex1.elf  "Ex1.hex"
arm-none-eabi-objcopy  -O binary  Ex1.elf  "Ex1.bin"
   text	   data	    bss	    dec	    hex	filename
   4592	     20	   1572	   6184	   1828	Ex1.elf
Finished building: default.size.stdout
 
Finished building: Ex1.hex
Finished building: Ex1.bin
 
Finished building: Ex1.list
 
 
21:36:58 **** Incremental Build of configuration Debug for project Ex1 ****
make -j8 all 
arm-none-eabi-gcc "../Core/Src/main.c" -mcpu=cortex-m3 -std=gnu11 -g3 -DDEBUG -DUSE_HAL_DRIVER -DSTM32F103x6 -c -I../Core/Inc -I../Drivers/STM32F1xx_HAL_Driver/Inc -I../Drivers/STM32F1xx_HAL_Driver/Inc/Legacy -I../Drivers/CMSIS/Device/ST/STM32F1xx/Include -I../Drivers/CMSIS/Include -O0 -ffunction-sections -fdata-sections -Wall -fstack-usage -MMD -MP -MF"Core/Src/main.d" -MT"Core/Src/main.o" --specs=nano.specs -mfloat-abi=soft -mthumb -o "Core/Src/main.o"
arm-none-eabi-gcc -o "Ex1.elf" @"objects.list"   -mcpu=cortex-m3 -T"C:\Users\nguye\Desktop\VXL\Ex1\Ex1\STM32F103C6UX_FLASH.ld" --specs=nosys.specs -Wl,-Map="Ex1.map" -Wl,--gc-sections -static --specs=nano.specs -mfloat-abi=soft -mthumb -Wl,--start-group -lc -lm -Wl,--end-group
Finished building target: Ex1.elf
 
arm-none-eabi-size   Ex1.elf 
arm-none-eabi-objdump -h -S  Ex1.elf  > "Ex1.list"
arm-none-eabi-objcopy  -O ihex  Ex1.elf  "Ex1.hex"
arm-none-eabi-objcopy  -O binary  Ex1.elf  "Ex1.bin"
   text	   data	    bss	    dec	    hex	filename
   4592	     20	   1572	   6184	   1828	Ex1.elf
Finished building: default.size.stdout
 
Finished building: Ex1.hex
Finished building: Ex1.bin
 
Finished building: Ex1.list
 
 
22:11:18 **** Incremental Build of configuration Debug for project Ex1 ****
make -j8 all 
arm-none-eabi-gcc "../Core/Src/main.c" -mcpu=cortex-m3 -std=gnu11 -g3 -DDEBUG -DUSE_HAL_DRIVER -DSTM32F103x6 -c -I../Core/Inc -I../Drivers/STM32F1xx_HAL_Driver/Inc -I../Drivers/STM32F1xx_HAL_Driver/Inc/Legacy -I../Drivers/CMSIS/Device/ST/STM32F1xx/Include -I../Drivers/CMSIS/Include -O0 -ffunction-sections -fdata-sections -Wall -fstack-usage -MMD -MP -MF"Core/Src/main.d" -MT"Core/Src/main.o" --specs=nano.specs -mfloat-abi=soft -mthumb -o "Core/Src/main.o"
../Core/Src/main.c: In function 'main':
../Core/Src/main.c:96:30: error: 'GPIO_Pin_5' undeclared (first use in this function); did you mean 'GPIO_PIN_5'?
   96 |    HAL_GPIO_TogglePin(GPIOA, GPIO_Pin_5);
      |                              ^~~~~~~~~~
      |                              GPIO_PIN_5
../Core/Src/main.c:96:30: note: each undeclared identifier is reported only once for each function it appears in
../Core/Src/main.c:98:30: error: 'GPIO_Pin_6' undeclared (first use in this function); did you mean 'GPIO_PIN_6'?
   98 |    HAL_GPIO_TogglePin(GPIOA, GPIO_Pin_6);
      |                              ^~~~~~~~~~
      |                              GPIO_PIN_6
make: *** [Core/Src/subdir.mk:34: Core/Src/main.o] Error 1
"make -j8 all" terminated with exit code 2. Build might be incomplete.
22:12:01 **** Incremental Build of configuration Debug for project Ex1 ****
make -j8 all 
arm-none-eabi-gcc "../Core/Src/main.c" -mcpu=cortex-m3 -std=gnu11 -g3 -DDEBUG -DUSE_HAL_DRIVER -DSTM32F103x6 -c -I../Core/Inc -I../Drivers/STM32F1xx_HAL_Driver/Inc -I../Drivers/STM32F1xx_HAL_Driver/Inc/Legacy -I../Drivers/CMSIS/Device/ST/STM32F1xx/Include -I../Drivers/CMSIS/Include -O0 -ffunction-sections -fdata-sections -Wall -fstack-usage -MMD -MP -MF"Core/Src/main.d" -MT"Core/Src/main.o" --specs=nano.specs -mfloat-abi=soft -mthumb -o "Core/Src/main.o"
arm-none-eabi-gcc -o "Ex1.elf" @"objects.list"   -mcpu=cortex-m3 -T"C:\Users\nguye\Desktop\VXL\Ex1\Ex1\STM32F103C6UX_FLASH.ld" --specs=nosys.specs -Wl,-Map="Ex1.map" -Wl,--gc-sections -static --specs=nano.specs -mfloat-abi=soft -mthumb -Wl,--start-group -lc -lm -Wl,--end-group
Finished building target: Ex1.elf
 
arm-none-eabi-size   Ex1.elf 
arm-none-eabi-objdump -h -S  Ex1.elf  > "Ex1.list"
arm-none-eabi-objcopy  -O ihex  Ex1.elf  "Ex1.hex"
arm-none-eabi-objcopy  -O binary  Ex1.elf  "Ex1.bin"
   text	   data	    bss	    dec	    hex	filename
   4592	     20	   1572	   6184	   1828	Ex1.elf
Finished building: default.size.stdout
 
Finished building: Ex1.hex
Finished building: Ex1.bin
 
Finished building: Ex1.list
 
 
22:21:33 **** Incremental Build of configuration Debug for project Ex1 ****
make -j8 all 
arm-none-eabi-gcc "../Core/Src/main.c" -mcpu=cortex-m3 -std=gnu11 -g3 -DDEBUG -DUSE_HAL_DRIVER -DSTM32F103x6 -c -I../Core/Inc -I../Drivers/STM32F1xx_HAL_Driver/Inc -I../Drivers/STM32F1xx_HAL_Driver/Inc/Legacy -I../Drivers/CMSIS/Device/ST/STM32F1xx/Include -I../Drivers/CMSIS/Include -O0 -ffunction-sections -fdata-sections -Wall -fstack-usage -MMD -MP -MF"Core/Src/main.d" -MT"Core/Src/main.o" --specs=nano.specs -mfloat-abi=soft -mthumb -o "Core/Src/main.o"
arm-none-eabi-gcc -o "Ex1.elf" @"objects.list"   -mcpu=cortex-m3 -T"C:\Users\nguye\Desktop\VXL\Ex1\Ex1\STM32F103C6UX_FLASH.ld" --specs=nosys.specs -Wl,-Map="Ex1.map" -Wl,--gc-sections -static --specs=nano.specs -mfloat-abi=soft -mthumb -Wl,--start-group -lc -lm -Wl,--end-group
Finished building target: Ex1.elf
 
arm-none-eabi-size   Ex1.elf 
arm-none-eabi-objdump -h -S  Ex1.elf  > "Ex1.list"
arm-none-eabi-objcopy  -O ihex  Ex1.elf  "Ex1.hex"
arm-none-eabi-objcopy  -O binary  Ex1.elf  "Ex1.bin"
   text	   data	    bss	    dec	    hex	filename
   4592	     20	   1572	   6184	   1828	Ex1.elf
Finished building: default.size.stdout
 
Finished building: Ex1.hex
Finished building: Ex1.bin
 
 
Finished building: Ex1.list
 
22:22:23 **** Incremental Build of configuration Debug for project Ex1 ****
make -j8 all 
arm-none-eabi-gcc "../Core/Src/main.c" -mcpu=cortex-m3 -std=gnu11 -g3 -DDEBUG -DUSE_HAL_DRIVER -DSTM32F103x6 -c -I../Core/Inc -I../Drivers/STM32F1xx_HAL_Driver/Inc -I../Drivers/STM32F1xx_HAL_Driver/Inc/Legacy -I../Drivers/CMSIS/Device/ST/STM32F1xx/Include -I../Drivers/CMSIS/Include -O0 -ffunction-sections -fdata-sections -Wall -fstack-usage -MMD -MP -MF"Core/Src/main.d" -MT"Core/Src/main.o" --specs=nano.specs -mfloat-abi=soft -mthumb -o "Core/Src/main.o"
arm-none-eabi-gcc -o "Ex1.elf" @"objects.list"   -mcpu=cortex-m3 -T"C:\Users\nguye\Desktop\VXL\Ex1\Ex1\STM32F103C6UX_FLASH.ld" --specs=nosys.specs -Wl,-Map="Ex1.map" -Wl,--gc-sections -static --specs=nano.specs -mfloat-abi=soft -mthumb -Wl,--start-group -lc -lm -Wl,--end-group
Finished building target: Ex1.elf
 
arm-none-eabi-size   Ex1.elf 
arm-none-eabi-objdump -h -S  Ex1.elf  > "Ex1.list"
arm-none-eabi-objcopy  -O ihex  Ex1.elf  "Ex1.hex"
arm-none-eabi-objcopy  -O binary  Ex1.elf  "Ex1.bin"
   text	   data	    bss	    dec	    hex	filename
   4592	     20	   1572	   6184	   1828	Ex1.elf
Finished building: default.size.stdout
 
Finished building: Ex1.hex
Finished building: Ex1.bin
 
Finished building: Ex1.list
 
 
22:22:58 **** Incremental Build of configuration Debug for project Ex1 ****
make -j8 all 
arm-none-eabi-gcc "../Core/Src/main.c" -mcpu=cortex-m3 -std=gnu11 -g3 -DDEBUG -DUSE_HAL_DRIVER -DSTM32F103x6 -c -I../Core/Inc -I../Drivers/STM32F1xx_HAL_Driver/Inc -I../Drivers/STM32F1xx_HAL_Driver/Inc/Legacy -I../Drivers/CMSIS/Device/ST/STM32F1xx/Include -I../Drivers/CMSIS/Include -O0 -ffunction-sections -fdata-sections -Wall -fstack-usage -MMD -MP -MF"Core/Src/main.d" -MT"Core/Src/main.o" --specs=nano.specs -mfloat-abi=soft -mthumb -o "Core/Src/main.o"
arm-none-eabi-gcc -o "Ex1.elf" @"objects.list"   -mcpu=cortex-m3 -T"C:\Users\nguye\Desktop\VXL\Ex1\Ex1\STM32F103C6UX_FLASH.ld" --specs=nosys.specs -Wl,-Map="Ex1.map" -Wl,--gc-sections -static --specs=nano.specs -mfloat-abi=soft -mthumb -Wl,--start-group -lc -lm -Wl,--end-group
Finished building target: Ex1.elf
 
arm-none-eabi-size   Ex1.elf 
arm-none-eabi-objdump -h -S  Ex1.elf  > "Ex1.list"
arm-none-eabi-objcopy  -O ihex  Ex1.elf  "Ex1.hex"
arm-none-eabi-objcopy  -O binary  Ex1.elf  "Ex1.bin"
   text	   data	    bss	    dec	    hex	filename
   4576	     20	   1572	   6168	   1818	Ex1.elf
Finished building: default.size.stdout
 
Finished building: Ex1.hex
Finished building: Ex1.bin
 
Finished building: Ex1.list
 
 
22:27:51 **** Incremental Build of configuration Debug for project Ex1 ****
make -j8 all 
arm-none-eabi-size   Ex1.elf 
   text	   data	    bss	    dec	    hex	filename
   4576	     20	   1572	   6168	   1818	Ex1.elf
Finished building: default.size.stdout
 
22:32:58 **** Incremental Build of configuration Debug for project Ex1 ****
make -j8 all 
arm-none-eabi-gcc "../Core/Src/main.c" -mcpu=cortex-m3 -std=gnu11 -g3 -DDEBUG -DUSE_HAL_DRIVER -DSTM32F103x6 -c -I../Core/Inc -I../Drivers/STM32F1xx_HAL_Driver/Inc -I../Drivers/STM32F1xx_HAL_Driver/Inc/Legacy -I../Drivers/CMSIS/Device/ST/STM32F1xx/Include -I../Drivers/CMSIS/Include -O0 -ffunction-sections -fdata-sections -Wall -fstack-usage -MMD -MP -MF"Core/Src/main.d" -MT"Core/Src/main.o" --specs=nano.specs -mfloat-abi=soft -mthumb -o "Core/Src/main.o"
arm-none-eabi-gcc -o "Ex1.elf" @"objects.list"   -mcpu=cortex-m3 -T"C:\Users\nguye\Desktop\VXL\Ex1\Ex1\STM32F103C6UX_FLASH.ld" --specs=nosys.specs -Wl,-Map="Ex1.map" -Wl,--gc-sections -static --specs=nano.specs -mfloat-abi=soft -mthumb -Wl,--start-group -lc -lm -Wl,--end-group
Finished building target: Ex1.elf
 
arm-none-eabi-size   Ex1.elf 
arm-none-eabi-objdump -h -S  Ex1.elf  > "Ex1.list"
arm-none-eabi-objcopy  -O ihex  Ex1.elf  "Ex1.hex"
arm-none-eabi-objcopy  -O binary  Ex1.elf  "Ex1.bin"
   text	   data	    bss	    dec	    hex	filename
   4592	     20	   1572	   6184	   1828	Ex1.elf
Finished building: default.size.stdout
 
Finished building: Ex1.hex
Finished building: Ex1.bin
 
 
Finished building: Ex1.list
 
22:34:04 **** Incremental Build of configuration Debug for project Ex1 ****
make -j8 all 
arm-none-eabi-gcc "../Core/Src/main.c" -mcpu=cortex-m3 -std=gnu11 -g3 -DDEBUG -DUSE_HAL_DRIVER -DSTM32F103x6 -c -I../Core/Inc -I../Drivers/STM32F1xx_HAL_Driver/Inc -I../Drivers/STM32F1xx_HAL_Driver/Inc/Legacy -I../Drivers/CMSIS/Device/ST/STM32F1xx/Include -I../Drivers/CMSIS/Include -O0 -ffunction-sections -fdata-sections -Wall -fstack-usage -MMD -MP -MF"Core/Src/main.d" -MT"Core/Src/main.o" --specs=nano.specs -mfloat-abi=soft -mthumb -o "Core/Src/main.o"
arm-none-eabi-gcc -o "Ex1.elf" @"objects.list"   -mcpu=cortex-m3 -T"C:\Users\nguye\Desktop\VXL\Ex1\Ex1\STM32F103C6UX_FLASH.ld" --specs=nosys.specs -Wl,-Map="Ex1.map" -Wl,--gc-sections -static --specs=nano.specs -mfloat-abi=soft -mthumb -Wl,--start-group -lc -lm -Wl,--end-group
Finished building target: Ex1.elf
 
arm-none-eabi-size   Ex1.elf 
arm-none-eabi-objdump -h -S  Ex1.elf  > "Ex1.list"
arm-none-eabi-objcopy  -O ihex  Ex1.elf  "Ex1.hex"
arm-none-eabi-objcopy  -O binary  Ex1.elf  "Ex1.bin"
   text	   data	    bss	    dec	    hex	filename
   4592	     20	   1572	   6184	   1828	Ex1.elf
Finished building: default.size.stdout
 
Finished building: Ex1.hex
Finished building: Ex1.bin
 
 
Finished building: Ex1.list
 
22:37:01 **** Incremental Build of configuration Debug for project Ex1 ****
make -j8 all 
arm-none-eabi-gcc "../Core/Src/main.c" -mcpu=cortex-m3 -std=gnu11 -g3 -DDEBUG -DUSE_HAL_DRIVER -DSTM32F103x6 -c -I../Core/Inc -I../Drivers/STM32F1xx_HAL_Driver/Inc -I../Drivers/STM32F1xx_HAL_Driver/Inc/Legacy -I../Drivers/CMSIS/Device/ST/STM32F1xx/Include -I../Drivers/CMSIS/Include -O0 -ffunction-sections -fdata-sections -Wall -fstack-usage -MMD -MP -MF"Core/Src/main.d" -MT"Core/Src/main.o" --specs=nano.specs -mfloat-abi=soft -mthumb -o "Core/Src/main.o"
arm-none-eabi-gcc -o "Ex1.elf" @"objects.list"   -mcpu=cortex-m3 -T"C:\Users\nguye\Desktop\VXL\Ex1\Ex1\STM32F103C6UX_FLASH.ld" --specs=nosys.specs -Wl,-Map="Ex1.map" -Wl,--gc-sections -static --specs=nano.specs -mfloat-abi=soft -mthumb -Wl,--start-group -lc -lm -Wl,--end-group
Finished building target: Ex1.elf
 
arm-none-eabi-size   Ex1.elf 
arm-none-eabi-objdump -h -S  Ex1.elf  > "Ex1.list"
arm-none-eabi-objcopy  -O ihex  Ex1.elf  "Ex1.hex"
arm-none-eabi-objcopy  -O binary  Ex1.elf  "Ex1.bin"
   text	   data	    bss	    dec	    hex	filename
   4580	     20	   1572	   6172	   181c	Ex1.elf
Finished building: default.size.stdout
 
Finished building: Ex1.hex
Finished building: Ex1.bin
 
 
Finished building: Ex1.list
 
22:37:39 **** Incremental Build of configuration Debug for project Ex1 ****
make -j8 all 
arm-none-eabi-gcc "../Core/Src/main.c" -mcpu=cortex-m3 -std=gnu11 -g3 -DDEBUG -DUSE_HAL_DRIVER -DSTM32F103x6 -c -I../Core/Inc -I../Drivers/STM32F1xx_HAL_Driver/Inc -I../Drivers/STM32F1xx_HAL_Driver/Inc/Legacy -I../Drivers/CMSIS/Device/ST/STM32F1xx/Include -I../Drivers/CMSIS/Include -O0 -ffunction-sections -fdata-sections -Wall -fstack-usage -MMD -MP -MF"Core/Src/main.d" -MT"Core/Src/main.o" --specs=nano.specs -mfloat-abi=soft -mthumb -o "Core/Src/main.o"
arm-none-eabi-gcc -o "Ex1.elf" @"objects.list"   -mcpu=cortex-m3 -T"C:\Users\nguye\Desktop\VXL\Ex1\Ex1\STM32F103C6UX_FLASH.ld" --specs=nosys.specs -Wl,-Map="Ex1.map" -Wl,--gc-sections -static --specs=nano.specs -mfloat-abi=soft -mthumb -Wl,--start-group -lc -lm -Wl,--end-group
Finished building target: Ex1.elf
 
arm-none-eabi-size   Ex1.elf 
arm-none-eabi-objdump -h -S  Ex1.elf  > "Ex1.list"
arm-none-eabi-objcopy  -O ihex  Ex1.elf  "Ex1.hex"
arm-none-eabi-objcopy  -O binary  Ex1.elf  "Ex1.bin"
   text	   data	    bss	    dec	    hex	filename
   4564	     20	   1572	   6156	   180c	Ex1.elf
Finished building: default.size.stdout
 
Finished building: Ex1.hex
Finished building: Ex1.bin
 
Finished building: Ex1.list
 
 
22:39:10 **** Incremental Build of configuration Debug for project Ex1 ****
make -j8 all 
arm-none-eabi-gcc "../Core/Src/main.c" -mcpu=cortex-m3 -std=gnu11 -g3 -DDEBUG -DUSE_HAL_DRIVER -DSTM32F103x6 -c -I../Core/Inc -I../Drivers/STM32F1xx_HAL_Driver/Inc -I../Drivers/STM32F1xx_HAL_Driver/Inc/Legacy -I../Drivers/CMSIS/Device/ST/STM32F1xx/Include -I../Drivers/CMSIS/Include -O0 -ffunction-sections -fdata-sections -Wall -fstack-usage -MMD -MP -MF"Core/Src/main.d" -MT"Core/Src/main.o" --specs=nano.specs -mfloat-abi=soft -mthumb -o "Core/Src/main.o"
arm-none-eabi-gcc -o "Ex1.elf" @"objects.list"   -mcpu=cortex-m3 -T"C:\Users\nguye\Desktop\VXL\Ex1\Ex1\STM32F103C6UX_FLASH.ld" --specs=nosys.specs -Wl,-Map="Ex1.map" -Wl,--gc-sections -static --specs=nano.specs -mfloat-abi=soft -mthumb -Wl,--start-group -lc -lm -Wl,--end-group
Finished building target: Ex1.elf
 
arm-none-eabi-size   Ex1.elf 
arm-none-eabi-objdump -h -S  Ex1.elf  > "Ex1.list"
arm-none-eabi-objcopy  -O ihex  Ex1.elf  "Ex1.hex"
   text	   data	    bss	    dec	    hex	filename
   4564	     20	   1572	   6156	   180c	Ex1.elf
arm-none-eabi-objcopy  -O binary  Ex1.elf  "Ex1.bin"
Finished building: default.size.stdout
 
Finished building: Ex1.hex
Finished building: Ex1.bin
 
 
Finished building: Ex1.list
 
22:39:51 **** Incremental Build of configuration Debug for project Ex1 ****
make -j8 all 
arm-none-eabi-gcc "../Core/Src/main.c" -mcpu=cortex-m3 -std=gnu11 -g3 -DDEBUG -DUSE_HAL_DRIVER -DSTM32F103x6 -c -I../Core/Inc -I../Drivers/STM32F1xx_HAL_Driver/Inc -I../Drivers/STM32F1xx_HAL_Driver/Inc/Legacy -I../Drivers/CMSIS/Device/ST/STM32F1xx/Include -I../Drivers/CMSIS/Include -O0 -ffunction-sections -fdata-sections -Wall -fstack-usage -MMD -MP -MF"Core/Src/main.d" -MT"Core/Src/main.o" --specs=nano.specs -mfloat-abi=soft -mthumb -o "Core/Src/main.o"
arm-none-eabi-gcc -o "Ex1.elf" @"objects.list"   -mcpu=cortex-m3 -T"C:\Users\nguye\Desktop\VXL\Ex1\Ex1\STM32F103C6UX_FLASH.ld" --specs=nosys.specs -Wl,-Map="Ex1.map" -Wl,--gc-sections -static --specs=nano.specs -mfloat-abi=soft -mthumb -Wl,--start-group -lc -lm -Wl,--end-group
Finished building target: Ex1.elf
 
arm-none-eabi-size   Ex1.elf 
arm-none-eabi-objdump -h -S  Ex1.elf  > "Ex1.list"
arm-none-eabi-objcopy  -O ihex  Ex1.elf  "Ex1.hex"
arm-none-eabi-objcopy  -O binary  Ex1.elf  "Ex1.bin"
   text	   data	    bss	    dec	    hex	filename
   4572	     20	   1572	   6164	   1814	Ex1.elf
Finished building: default.size.stdout
 
Finished building: Ex1.hex
Finished building: Ex1.bin
 
Finished building: Ex1.list
 
 
22:41:16 **** Incremental Build of configuration Debug for project Ex1 ****
make -j8 all 
arm-none-eabi-gcc "../Core/Src/main.c" -mcpu=cortex-m3 -std=gnu11 -g3 -DDEBUG -DUSE_HAL_DRIVER -DSTM32F103x6 -c -I../Core/Inc -I../Drivers/STM32F1xx_HAL_Driver/Inc -I../Drivers/STM32F1xx_HAL_Driver/Inc/Legacy -I../Drivers/CMSIS/Device/ST/STM32F1xx/Include -I../Drivers/CMSIS/Include -O0 -ffunction-sections -fdata-sections -Wall -fstack-usage -MMD -MP -MF"Core/Src/main.d" -MT"Core/Src/main.o" --specs=nano.specs -mfloat-abi=soft -mthumb -o "Core/Src/main.o"
arm-none-eabi-gcc -o "Ex1.elf" @"objects.list"   -mcpu=cortex-m3 -T"C:\Users\nguye\Desktop\VXL\Ex1\Ex1\STM32F103C6UX_FLASH.ld" --specs=nosys.specs -Wl,-Map="Ex1.map" -Wl,--gc-sections -static --specs=nano.specs -mfloat-abi=soft -mthumb -Wl,--start-group -lc -lm -Wl,--end-group
Finished building target: Ex1.elf
 
arm-none-eabi-size   Ex1.elf 
arm-none-eabi-objdump -h -S  Ex1.elf  > "Ex1.list"
arm-none-eabi-objcopy  -O ihex  Ex1.elf  "Ex1.hex"
   text	   data	    bss	    dec	    hex	filename
   4584	     20	   1572	   6176	   1820	Ex1.elf
arm-none-eabi-objcopy  -O binary  Ex1.elf  "Ex1.bin"
Finished building: default.size.stdout
 
Finished building: Ex1.hex
Finished building: Ex1.bin
Finished building: Ex1.list
 
 
 
22:41:46 **** Incremental Build of configuration Debug for project Ex1 ****
make -j8 all 
arm-none-eabi-gcc "../Core/Src/main.c" -mcpu=cortex-m3 -std=gnu11 -g3 -DDEBUG -DUSE_HAL_DRIVER -DSTM32F103x6 -c -I../Core/Inc -I../Drivers/STM32F1xx_HAL_Driver/Inc -I../Drivers/STM32F1xx_HAL_Driver/Inc/Legacy -I../Drivers/CMSIS/Device/ST/STM32F1xx/Include -I../Drivers/CMSIS/Include -O0 -ffunction-sections -fdata-sections -Wall -fstack-usage -MMD -MP -MF"Core/Src/main.d" -MT"Core/Src/main.o" --specs=nano.specs -mfloat-abi=soft -mthumb -o "Core/Src/main.o"
arm-none-eabi-gcc -o "Ex1.elf" @"objects.list"   -mcpu=cortex-m3 -T"C:\Users\nguye\Desktop\VXL\Ex1\Ex1\STM32F103C6UX_FLASH.ld" --specs=nosys.specs -Wl,-Map="Ex1.map" -Wl,--gc-sections -static --specs=nano.specs -mfloat-abi=soft -mthumb -Wl,--start-group -lc -lm -Wl,--end-group
Finished building target: Ex1.elf
 
arm-none-eabi-size   Ex1.elf 
arm-none-eabi-objdump -h -S  Ex1.elf  > "Ex1.list"
arm-none-eabi-objcopy  -O ihex  Ex1.elf  "Ex1.hex"
   text	   data	    bss	    dec	    hex	filename
   4584	     20	   1572	   6176	   1820	Ex1.elf
arm-none-eabi-objcopy  -O binary  Ex1.elf  "Ex1.bin"
Finished building: default.size.stdout
 
Finished building: Ex1.hex
Finished building: Ex1.bin
 
Finished building: Ex1.list
 
 
22:42:21 **** Incremental Build of configuration Debug for project Ex1 ****
make -j8 all 
arm-none-eabi-gcc "../Core/Src/main.c" -mcpu=cortex-m3 -std=gnu11 -g3 -DDEBUG -DUSE_HAL_DRIVER -DSTM32F103x6 -c -I../Core/Inc -I../Drivers/STM32F1xx_HAL_Driver/Inc -I../Drivers/STM32F1xx_HAL_Driver/Inc/Legacy -I../Drivers/CMSIS/Device/ST/STM32F1xx/Include -I../Drivers/CMSIS/Include -O0 -ffunction-sections -fdata-sections -Wall -fstack-usage -MMD -MP -MF"Core/Src/main.d" -MT"Core/Src/main.o" --specs=nano.specs -mfloat-abi=soft -mthumb -o "Core/Src/main.o"
arm-none-eabi-gcc -o "Ex1.elf" @"objects.list"   -mcpu=cortex-m3 -T"C:\Users\nguye\Desktop\VXL\Ex1\Ex1\STM32F103C6UX_FLASH.ld" --specs=nosys.specs -Wl,-Map="Ex1.map" -Wl,--gc-sections -static --specs=nano.specs -mfloat-abi=soft -mthumb -Wl,--start-group -lc -lm -Wl,--end-group
Finished building target: Ex1.elf
 
arm-none-eabi-size   Ex1.elf 
arm-none-eabi-objdump -h -S  Ex1.elf  > "Ex1.list"
arm-none-eabi-objcopy  -O ihex  Ex1.elf  "Ex1.hex"
arm-none-eabi-objcopy  -O binary  Ex1.elf  "Ex1.bin"
   text	   data	    bss	    dec	    hex	filename
   4584	     20	   1572	   6176	   1820	Ex1.elf
Finished building: default.size.stdout
 
Finished building: Ex1.hex
Finished building: Ex1.bin
 
Finished building: Ex1.list
 
 
22:42:44 **** Incremental Build of configuration Debug for project Ex1 ****
make -j8 all 
arm-none-eabi-gcc "../Core/Src/main.c" -mcpu=cortex-m3 -std=gnu11 -g3 -DDEBUG -DUSE_HAL_DRIVER -DSTM32F103x6 -c -I../Core/Inc -I../Drivers/STM32F1xx_HAL_Driver/Inc -I../Drivers/STM32F1xx_HAL_Driver/Inc/Legacy -I../Drivers/CMSIS/Device/ST/STM32F1xx/Include -I../Drivers/CMSIS/Include -O0 -ffunction-sections -fdata-sections -Wall -fstack-usage -MMD -MP -MF"Core/Src/main.d" -MT"Core/Src/main.o" --specs=nano.specs -mfloat-abi=soft -mthumb -o "Core/Src/main.o"
arm-none-eabi-gcc -o "Ex1.elf" @"objects.list"   -mcpu=cortex-m3 -T"C:\Users\nguye\Desktop\VXL\Ex1\Ex1\STM32F103C6UX_FLASH.ld" --specs=nosys.specs -Wl,-Map="Ex1.map" -Wl,--gc-sections -static --specs=nano.specs -mfloat-abi=soft -mthumb -Wl,--start-group -lc -lm -Wl,--end-group
Finished building target: Ex1.elf
 
arm-none-eabi-size   Ex1.elf 
arm-none-eabi-objdump -h -S  Ex1.elf  > "Ex1.list"
arm-none-eabi-objcopy  -O ihex  Ex1.elf  "Ex1.hex"
arm-none-eabi-objcopy  -O binary  Ex1.elf  "Ex1.bin"
   text	   data	    bss	    dec	    hex	filename
   4576	     20	   1572	   6168	   1818	Ex1.elf
Finished building: default.size.stdout
 
Finished building: Ex1.hex
Finished building: Ex1.bin
 
Finished building: Ex1.list
 
 
22:43:20 **** Incremental Build of configuration Debug for project Ex1 ****
make -j8 all 
arm-none-eabi-gcc "../Core/Src/main.c" -mcpu=cortex-m3 -std=gnu11 -g3 -DDEBUG -DUSE_HAL_DRIVER -DSTM32F103x6 -c -I../Core/Inc -I../Drivers/STM32F1xx_HAL_Driver/Inc -I../Drivers/STM32F1xx_HAL_Driver/Inc/Legacy -I../Drivers/CMSIS/Device/ST/STM32F1xx/Include -I../Drivers/CMSIS/Include -O0 -ffunction-sections -fdata-sections -Wall -fstack-usage -MMD -MP -MF"Core/Src/main.d" -MT"Core/Src/main.o" --specs=nano.specs -mfloat-abi=soft -mthumb -o "Core/Src/main.o"
arm-none-eabi-gcc -o "Ex1.elf" @"objects.list"   -mcpu=cortex-m3 -T"C:\Users\nguye\Desktop\VXL\Ex1\Ex1\STM32F103C6UX_FLASH.ld" --specs=nosys.specs -Wl,-Map="Ex1.map" -Wl,--gc-sections -static --specs=nano.specs -mfloat-abi=soft -mthumb -Wl,--start-group -lc -lm -Wl,--end-group
Finished building target: Ex1.elf
 
arm-none-eabi-size   Ex1.elf 
arm-none-eabi-objdump -h -S  Ex1.elf  > "Ex1.list"
arm-none-eabi-objcopy  -O ihex  Ex1.elf  "Ex1.hex"
arm-none-eabi-objcopy  -O binary  Ex1.elf  "Ex1.bin"
   text	   data	    bss	    dec	    hex	filename
   4584	     20	   1572	   6176	   1820	Ex1.elf
Finished building: default.size.stdout
 
Finished building: Ex1.hex
Finished building: Ex1.bin
 
 
Finished building: Ex1.list
 
