11:35:40 **** Incremental Build of configuration Debug for project Ex10 ****
make -j8 all 
arm-none-eabi-gcc "../Core/Src/main.c" -mcpu=cortex-m3 -std=gnu11 -g3 -DDEBUG -DUSE_HAL_DRIVER -DSTM32F103x6 -c -I../Core/Inc -I../Drivers/STM32F1xx_HAL_Driver/Inc -I../Drivers/STM32F1xx_HAL_Driver/Inc/Legacy -I../Drivers/CMSIS/Device/ST/STM32F1xx/Include -I../Drivers/CMSIS/Include -O0 -ffunction-sections -fdata-sections -Wall -fstack-usage -MMD -MP -MF"Core/Src/main.d" -MT"Core/Src/main.o" --specs=nano.specs -mfloat-abi=soft -mthumb -o "Core/Src/main.o"
arm-none-eabi-gcc -o "Ex10.elf" @"objects.list"   -mcpu=cortex-m3 -T"C:\Users\nguye\Desktop\VXL\Ex10\Ex10\STM32F103C6UX_FLASH.ld" --specs=nosys.specs -Wl,-Map="Ex10.map" -Wl,--gc-sections -static --specs=nano.specs -mfloat-abi=soft -mthumb -Wl,--start-group -lc -lm -Wl,--end-group
Finished building target: Ex10.elf
 
arm-none-eabi-size   Ex10.elf 
arm-none-eabi-objdump -h -S  Ex10.elf  > "Ex10.list"
arm-none-eabi-objcopy  -O ihex  Ex10.elf  "Ex10.hex"
arm-none-eabi-objcopy  -O binary  Ex10.elf  "Ex10.bin"
   text	   data	    bss	    dec	    hex	filename
   4928	     52	   1572	   6552	   1998	Ex10.elf
Finished building: default.size.stdout
 
Finished building: Ex10.hex
Finished building: Ex10.bin
 
 
Finished building: Ex10.list
 

11:35:41 Build Finished. 0 errors, 0 warnings. (took 751ms)

