10:11:53 **** Build of configuration Debug for project Ex10 ****
make -j8 all 
arm-none-eabi-gcc "../Drivers/STM32F1xx_HAL_Driver/Src/stm32f1xx_hal.c" -mcpu=cortex-m3 -std=gnu11 -g3 -DDEBUG -DUSE_HAL_DRIVER -DSTM32F103x6 -c -I../Core/Inc -I../Drivers/STM32F1xx_HAL_Driver/Inc -I../Drivers/STM32F1xx_HAL_Driver/Inc/Legacy -I../Drivers/CMSIS/Device/ST/STM32F1xx/Include -I../Drivers/CMSIS/Include -O0 -ffunction-sections -fdata-sections -Wall -fstack-usage -MMD -MP -MF"Drivers/STM32F1xx_HAL_Driver/Src/stm32f1xx_hal.d" -MT"Drivers/STM32F1xx_HAL_Driver/Src/stm32f1xx_hal.o" --specs=nano.specs -mfloat-abi=soft -mthumb -o "Drivers/STM32F1xx_HAL_Driver/Src/stm32f1xx_hal.o"
arm-none-eabi-gcc "../Drivers/STM32F1xx_HAL_Driver/Src/stm32f1xx_hal_cortex.c" -mcpu=cortex-m3 -std=gnu11 -g3 -DDEBUG -DUSE_HAL_DRIVER -DSTM32F103x6 -c -I../Core/Inc -I../Drivers/STM32F1xx_HAL_Driver/Inc -I../Drivers/STM32F1xx_HAL_Driver/Inc/Legacy -I../Drivers/CMSIS/Device/ST/STM32F1xx/Include -I../Drivers/CMSIS/Include -O0 -ffunction-sections -fdata-sections -Wall -fstack-usage -MMD -MP -MF"Drivers/STM32F1xx_HAL_Driver/Src/stm32f1xx_hal_cortex.d" -MT"Drivers/STM32F1xx_HAL_Driver/Src/stm32f1xx_hal_cortex.o" --specs=nano.specs -mfloat-abi=soft -mthumb -o "Drivers/STM32F1xx_HAL_Driver/Src/stm32f1xx_hal_cortex.o"
arm-none-eabi-gcc "../Drivers/STM32F1xx_HAL_Driver/Src/stm32f1xx_hal_dma.c" -mcpu=cortex-m3 -std=gnu11 -g3 -DDEBUG -DUSE_HAL_DRIVER -DSTM32F103x6 -c -I../Core/Inc -I../Drivers/STM32F1xx_HAL_Driver/Inc -I../Drivers/STM32F1xx_HAL_Driver/Inc/Legacy -I../Drivers/CMSIS/Device/ST/STM32F1xx/Include -I../Drivers/CMSIS/Include -O0 -ffunction-sections -fdata-sections -Wall -fstack-usage -MMD -MP -MF"Drivers/STM32F1xx_HAL_Driver/Src/stm32f1xx_hal_dma.d" -MT"Drivers/STM32F1xx_HAL_Driver/Src/stm32f1xx_hal_dma.o" --specs=nano.specs -mfloat-abi=soft -mthumb -o "Drivers/STM32F1xx_HAL_Driver/Src/stm32f1xx_hal_dma.o"
arm-none-eabi-gcc "../Drivers/STM32F1xx_HAL_Driver/Src/stm32f1xx_hal_exti.c" -mcpu=cortex-m3 -std=gnu11 -g3 -DDEBUG -DUSE_HAL_DRIVER -DSTM32F103x6 -c -I../Core/Inc -I../Drivers/STM32F1xx_HAL_Driver/Inc -I../Drivers/STM32F1xx_HAL_Driver/Inc/Legacy -I../Drivers/CMSIS/Device/ST/STM32F1xx/Include -I../Drivers/CMSIS/Include -O0 -ffunction-sections -fdata-sections -Wall -fstack-usage -MMD -MP -MF"Drivers/STM32F1xx_HAL_Driver/Src/stm32f1xx_hal_exti.d" -MT"Drivers/STM32F1xx_HAL_Driver/Src/stm32f1xx_hal_exti.o" --specs=nano.specs -mfloat-abi=soft -mthumb -o "Drivers/STM32F1xx_HAL_Driver/Src/stm32f1xx_hal_exti.o"
arm-none-eabi-gcc "../Drivers/STM32F1xx_HAL_Driver/Src/stm32f1xx_hal_flash.c" -mcpu=cortex-m3 -std=gnu11 -g3 -DDEBUG -DUSE_HAL_DRIVER -DSTM32F103x6 -c -I../Core/Inc -I../Drivers/STM32F1xx_HAL_Driver/Inc -I../Drivers/STM32F1xx_HAL_Driver/Inc/Legacy -I../Drivers/CMSIS/Device/ST/STM32F1xx/Include -I../Drivers/CMSIS/Include -O0 -ffunction-sections -fdata-sections -Wall -fstack-usage -MMD -MP -MF"Drivers/STM32F1xx_HAL_Driver/Src/stm32f1xx_hal_flash.d" -MT"Drivers/STM32F1xx_HAL_Driver/Src/stm32f1xx_hal_flash.o" --specs=nano.specs -mfloat-abi=soft -mthumb -o "Drivers/STM32F1xx_HAL_Driver/Src/stm32f1xx_hal_flash.o"
arm-none-eabi-gcc "../Drivers/STM32F1xx_HAL_Driver/Src/stm32f1xx_hal_flash_ex.c" -mcpu=cortex-m3 -std=gnu11 -g3 -DDEBUG -DUSE_HAL_DRIVER -DSTM32F103x6 -c -I../Core/Inc -I../Drivers/STM32F1xx_HAL_Driver/Inc -I../Drivers/STM32F1xx_HAL_Driver/Inc/Legacy -I../Drivers/CMSIS/Device/ST/STM32F1xx/Include -I../Drivers/CMSIS/Include -O0 -ffunction-sections -fdata-sections -Wall -fstack-usage -MMD -MP -MF"Drivers/STM32F1xx_HAL_Driver/Src/stm32f1xx_hal_flash_ex.d" -MT"Drivers/STM32F1xx_HAL_Driver/Src/stm32f1xx_hal_flash_ex.o" --specs=nano.specs -mfloat-abi=soft -mthumb -o "Drivers/STM32F1xx_HAL_Driver/Src/stm32f1xx_hal_flash_ex.o"
arm-none-eabi-gcc "../Drivers/STM32F1xx_HAL_Driver/Src/stm32f1xx_hal_gpio.c" -mcpu=cortex-m3 -std=gnu11 -g3 -DDEBUG -DUSE_HAL_DRIVER -DSTM32F103x6 -c -I../Core/Inc -I../Drivers/STM32F1xx_HAL_Driver/Inc -I../Drivers/STM32F1xx_HAL_Driver/Inc/Legacy -I../Drivers/CMSIS/Device/ST/STM32F1xx/Include -I../Drivers/CMSIS/Include -O0 -ffunction-sections -fdata-sections -Wall -fstack-usage -MMD -MP -MF"Drivers/STM32F1xx_HAL_Driver/Src/stm32f1xx_hal_gpio.d" -MT"Drivers/STM32F1xx_HAL_Driver/Src/stm32f1xx_hal_gpio.o" --specs=nano.specs -mfloat-abi=soft -mthumb -o "Drivers/STM32F1xx_HAL_Driver/Src/stm32f1xx_hal_gpio.o"
arm-none-eabi-gcc "../Drivers/STM32F1xx_HAL_Driver/Src/stm32f1xx_hal_gpio_ex.c" -mcpu=cortex-m3 -std=gnu11 -g3 -DDEBUG -DUSE_HAL_DRIVER -DSTM32F103x6 -c -I../Core/Inc -I../Drivers/STM32F1xx_HAL_Driver/Inc -I../Drivers/STM32F1xx_HAL_Driver/Inc/Legacy -I../Drivers/CMSIS/Device/ST/STM32F1xx/Include -I../Drivers/CMSIS/Include -O0 -ffunction-sections -fdata-sections -Wall -fstack-usage -MMD -MP -MF"Drivers/STM32F1xx_HAL_Driver/Src/stm32f1xx_hal_gpio_ex.d" -MT"Drivers/STM32F1xx_HAL_Driver/Src/stm32f1xx_hal_gpio_ex.o" --specs=nano.specs -mfloat-abi=soft -mthumb -o "Drivers/STM32F1xx_HAL_Driver/Src/stm32f1xx_hal_gpio_ex.o"
arm-none-eabi-gcc "../Drivers/STM32F1xx_HAL_Driver/Src/stm32f1xx_hal_pwr.c" -mcpu=cortex-m3 -std=gnu11 -g3 -DDEBUG -DUSE_HAL_DRIVER -DSTM32F103x6 -c -I../Core/Inc -I../Drivers/STM32F1xx_HAL_Driver/Inc -I../Drivers/STM32F1xx_HAL_Driver/Inc/Legacy -I../Drivers/CMSIS/Device/ST/STM32F1xx/Include -I../Drivers/CMSIS/Include -O0 -ffunction-sections -fdata-sections -Wall -fstack-usage -MMD -MP -MF"Drivers/STM32F1xx_HAL_Driver/Src/stm32f1xx_hal_pwr.d" -MT"Drivers/STM32F1xx_HAL_Driver/Src/stm32f1xx_hal_pwr.o" --specs=nano.specs -mfloat-abi=soft -mthumb -o "Drivers/STM32F1xx_HAL_Driver/Src/stm32f1xx_hal_pwr.o"
arm-none-eabi-gcc "../Drivers/STM32F1xx_HAL_Driver/Src/stm32f1xx_hal_rcc.c" -mcpu=cortex-m3 -std=gnu11 -g3 -DDEBUG -DUSE_HAL_DRIVER -DSTM32F103x6 -c -I../Core/Inc -I../Drivers/STM32F1xx_HAL_Driver/Inc -I../Drivers/STM32F1xx_HAL_Driver/Inc/Legacy -I../Drivers/CMSIS/Device/ST/STM32F1xx/Include -I../Drivers/CMSIS/Include -O0 -ffunction-sections -fdata-sections -Wall -fstack-usage -MMD -MP -MF"Drivers/STM32F1xx_HAL_Driver/Src/stm32f1xx_hal_rcc.d" -MT"Drivers/STM32F1xx_HAL_Driver/Src/stm32f1xx_hal_rcc.o" --specs=nano.specs -mfloat-abi=soft -mthumb -o "Drivers/STM32F1xx_HAL_Driver/Src/stm32f1xx_hal_rcc.o"
arm-none-eabi-gcc "../Drivers/STM32F1xx_HAL_Driver/Src/stm32f1xx_hal_rcc_ex.c" -mcpu=cortex-m3 -std=gnu11 -g3 -DDEBUG -DUSE_HAL_DRIVER -DSTM32F103x6 -c -I../Core/Inc -I../Drivers/STM32F1xx_HAL_Driver/Inc -I../Drivers/STM32F1xx_HAL_Driver/Inc/Legacy -I../Drivers/CMSIS/Device/ST/STM32F1xx/Include -I../Drivers/CMSIS/Include -O0 -ffunction-sections -fdata-sections -Wall -fstack-usage -MMD -MP -MF"Drivers/STM32F1xx_HAL_Driver/Src/stm32f1xx_hal_rcc_ex.d" -MT"Drivers/STM32F1xx_HAL_Driver/Src/stm32f1xx_hal_rcc_ex.o" --specs=nano.specs -mfloat-abi=soft -mthumb -o "Drivers/STM32F1xx_HAL_Driver/Src/stm32f1xx_hal_rcc_ex.o"
arm-none-eabi-gcc "../Drivers/STM32F1xx_HAL_Driver/Src/stm32f1xx_hal_tim.c" -mcpu=cortex-m3 -std=gnu11 -g3 -DDEBUG -DUSE_HAL_DRIVER -DSTM32F103x6 -c -I../Core/Inc -I../Drivers/STM32F1xx_HAL_Driver/Inc -I../Drivers/STM32F1xx_HAL_Driver/Inc/Legacy -I../Drivers/CMSIS/Device/ST/STM32F1xx/Include -I../Drivers/CMSIS/Include -O0 -ffunction-sections -fdata-sections -Wall -fstack-usage -MMD -MP -MF"Drivers/STM32F1xx_HAL_Driver/Src/stm32f1xx_hal_tim.d" -MT"Drivers/STM32F1xx_HAL_Driver/Src/stm32f1xx_hal_tim.o" --specs=nano.specs -mfloat-abi=soft -mthumb -o "Drivers/STM32F1xx_HAL_Driver/Src/stm32f1xx_hal_tim.o"
arm-none-eabi-gcc "../Drivers/STM32F1xx_HAL_Driver/Src/stm32f1xx_hal_tim_ex.c" -mcpu=cortex-m3 -std=gnu11 -g3 -DDEBUG -DUSE_HAL_DRIVER -DSTM32F103x6 -c -I../Core/Inc -I../Drivers/STM32F1xx_HAL_Driver/Inc -I../Drivers/STM32F1xx_HAL_Driver/Inc/Legacy -I../Drivers/CMSIS/Device/ST/STM32F1xx/Include -I../Drivers/CMSIS/Include -O0 -ffunction-sections -fdata-sections -Wall -fstack-usage -MMD -MP -MF"Drivers/STM32F1xx_HAL_Driver/Src/stm32f1xx_hal_tim_ex.d" -MT"Drivers/STM32F1xx_HAL_Driver/Src/stm32f1xx_hal_tim_ex.o" --specs=nano.specs -mfloat-abi=soft -mthumb -o "Drivers/STM32F1xx_HAL_Driver/Src/stm32f1xx_hal_tim_ex.o"
arm-none-eabi-gcc -mcpu=cortex-m3 -g3 -DDEBUG -c -x assembler-with-cpp -MMD -MP -MF"Core/Startup/startup_stm32f103c6ux.d" -MT"Core/Startup/startup_stm32f103c6ux.o" --specs=nano.specs -mfloat-abi=soft -mthumb -o "Core/Startup/startup_stm32f103c6ux.o" "../Core/Startup/startup_stm32f103c6ux.s"
arm-none-eabi-gcc "../Core/Src/main.c" -mcpu=cortex-m3 -std=gnu11 -g3 -DDEBUG -DUSE_HAL_DRIVER -DSTM32F103x6 -c -I../Core/Inc -I../Drivers/STM32F1xx_HAL_Driver/Inc -I../Drivers/STM32F1xx_HAL_Driver/Inc/Legacy -I../Drivers/CMSIS/Device/ST/STM32F1xx/Include -I../Drivers/CMSIS/Include -O0 -ffunction-sections -fdata-sections -Wall -fstack-usage -MMD -MP -MF"Core/Src/main.d" -MT"Core/Src/main.o" --specs=nano.specs -mfloat-abi=soft -mthumb -o "Core/Src/main.o"
arm-none-eabi-gcc "../Core/Src/stm32f1xx_hal_msp.c" -mcpu=cortex-m3 -std=gnu11 -g3 -DDEBUG -DUSE_HAL_DRIVER -DSTM32F103x6 -c -I../Core/Inc -I../Drivers/STM32F1xx_HAL_Driver/Inc -I../Drivers/STM32F1xx_HAL_Driver/Inc/Legacy -I../Drivers/CMSIS/Device/ST/STM32F1xx/Include -I../Drivers/CMSIS/Include -O0 -ffunction-sections -fdata-sections -Wall -fstack-usage -MMD -MP -MF"Core/Src/stm32f1xx_hal_msp.d" -MT"Core/Src/stm32f1xx_hal_msp.o" --specs=nano.specs -mfloat-abi=soft -mthumb -o "Core/Src/stm32f1xx_hal_msp.o"
In file included from ../Core/Inc/stm32f1xx_hal_conf.h:241,
                 from ../Drivers/STM32F1xx_HAL_Driver/Inc/stm32f1xx_hal.h:29,
                 from ../Core/Inc/main.h:31,
                 from ../Core/Src/main.c:21:
../Drivers/STM32F1xx_HAL_Driver/Inc/stm32f1xx_hal_gpio.h:83:36: warning: initialization of 'GPIO_TypeDef *' {aka 'struct <anonymous> *'} from 'short unsigned int' makes pointer from integer without a cast [-Wint-conversion]
   83 | #define GPIO_PIN_1                 ((uint16_t)0x0002)  /* Pin 1 selected    */
      |                                    ^
../Core/Inc/main.h:63:19: note: in expansion of macro 'GPIO_PIN_1'
   63 | #define LED_1_Pin GPIO_PIN_1
      |                   ^~~~~~~~~~
../Core/Src/main.c:31:3: note: in expansion of macro 'LED_1_Pin'
   31 |   LED_1_Pin,
      |   ^~~~~~~~~
../Drivers/STM32F1xx_HAL_Driver/Inc/stm32f1xx_hal_gpio.h:83:36: note: (near initialization for 'LED_PIN[0]')
   83 | #define GPIO_PIN_1                 ((uint16_t)0x0002)  /* Pin 1 selected    */
      |                                    ^
../Core/Inc/main.h:63:19: note: in expansion of macro 'GPIO_PIN_1'
   63 | #define LED_1_Pin GPIO_PIN_1
      |                   ^~~~~~~~~~
../Core/Src/main.c:31:3: note: in expansion of macro 'LED_1_Pin'
   31 |   LED_1_Pin,
      |   ^~~~~~~~~
../Drivers/STM32F1xx_HAL_Driver/Inc/stm32f1xx_hal_gpio.h:84:36: warning: initialization of 'GPIO_TypeDef *' {aka 'struct <anonymous> *'} from 'short unsigned int' makes pointer from integer without a cast [-Wint-conversion]
   84 | #define GPIO_PIN_2                 ((uint16_t)0x0004)  /* Pin 2 selected    */
      |                                    ^
../Core/Inc/main.h:65:19: note: in expansion of macro 'GPIO_PIN_2'
   65 | #define LED_2_Pin GPIO_PIN_2
      |                   ^~~~~~~~~~
../Core/Src/main.c:32:3: note: in expansion of macro 'LED_2_Pin'
   32 |   LED_2_Pin,
      |   ^~~~~~~~~
../Drivers/STM32F1xx_HAL_Driver/Inc/stm32f1xx_hal_gpio.h:84:36: note: (near initialization for 'LED_PIN[1]')
   84 | #define GPIO_PIN_2                 ((uint16_t)0x0004)  /* Pin 2 selected    */
      |                                    ^
../Core/Inc/main.h:65:19: note: in expansion of macro 'GPIO_PIN_2'
   65 | #define LED_2_Pin GPIO_PIN_2
      |                   ^~~~~~~~~~
../Core/Src/main.c:32:3: note: in expansion of macro 'LED_2_Pin'
   32 |   LED_2_Pin,
      |   ^~~~~~~~~
../Drivers/STM32F1xx_HAL_Driver/Inc/stm32f1xx_hal_gpio.h:85:36: warning: initialization of 'GPIO_TypeDef *' {aka 'struct <anonymous> *'} from 'short unsigned int' makes pointer from integer without a cast [-Wint-conversion]
   85 | #define GPIO_PIN_3                 ((uint16_t)0x0008)  /* Pin 3 selected    */
      |                                    ^
../Core/Inc/main.h:67:19: note: in expansion of macro 'GPIO_PIN_3'
   67 | #define LED_3_Pin GPIO_PIN_3
      |                   ^~~~~~~~~~
../Core/Src/main.c:33:3: note: in expansion of macro 'LED_3_Pin'
   33 |   LED_3_Pin,
      |   ^~~~~~~~~
../Drivers/STM32F1xx_HAL_Driver/Inc/stm32f1xx_hal_gpio.h:85:36: note: (near initialization for 'LED_PIN[2]')
   85 | #define GPIO_PIN_3                 ((uint16_t)0x0008)  /* Pin 3 selected    */
      |                                    ^
../Core/Inc/main.h:67:19: note: in expansion of macro 'GPIO_PIN_3'
   67 | #define LED_3_Pin GPIO_PIN_3
      |                   ^~~~~~~~~~
../Core/Src/main.c:33:3: note: in expansion of macro 'LED_3_Pin'
   33 |   LED_3_Pin,
      |   ^~~~~~~~~
../Drivers/STM32F1xx_HAL_Driver/Inc/stm32f1xx_hal_gpio.h:86:36: warning: initialization of 'GPIO_TypeDef *' {aka 'struct <anonymous> *'} from 'short unsigned int' makes pointer from integer without a cast [-Wint-conversion]
   86 | #define GPIO_PIN_4                 ((uint16_t)0x0010)  /* Pin 4 selected    */
      |                                    ^
../Core/Inc/main.h:69:19: note: in expansion of macro 'GPIO_PIN_4'
   69 | #define LED_4_Pin GPIO_PIN_4
      |                   ^~~~~~~~~~
../Core/Src/main.c:34:3: note: in expansion of macro 'LED_4_Pin'
   34 |   LED_4_Pin,
      |   ^~~~~~~~~
../Drivers/STM32F1xx_HAL_Driver/Inc/stm32f1xx_hal_gpio.h:86:36: note: (near initialization for 'LED_PIN[3]')
   86 | #define GPIO_PIN_4                 ((uint16_t)0x0010)  /* Pin 4 selected    */
      |                                    ^
../Core/Inc/main.h:69:19: note: in expansion of macro 'GPIO_PIN_4'
   69 | #define LED_4_Pin GPIO_PIN_4
      |                   ^~~~~~~~~~
../Core/Src/main.c:34:3: note: in expansion of macro 'LED_4_Pin'
   34 |   LED_4_Pin,
      |   ^~~~~~~~~
../Drivers/STM32F1xx_HAL_Driver/Inc/stm32f1xx_hal_gpio.h:87:36: warning: initialization of 'GPIO_TypeDef *' {aka 'struct <anonymous> *'} from 'short unsigned int' makes pointer from integer without a cast [-Wint-conversion]
   87 | #define GPIO_PIN_5                 ((uint16_t)0x0020)  /* Pin 5 selected    */
      |                                    ^
../Core/Inc/main.h:71:19: note: in expansion of macro 'GPIO_PIN_5'
   71 | #define LED_5_Pin GPIO_PIN_5
      |                   ^~~~~~~~~~
../Core/Src/main.c:35:3: note: in expansion of macro 'LED_5_Pin'
   35 |   LED_5_Pin,
      |   ^~~~~~~~~
../Drivers/STM32F1xx_HAL_Driver/Inc/stm32f1xx_hal_gpio.h:87:36: note: (near initialization for 'LED_PIN[4]')
   87 | #define GPIO_PIN_5                 ((uint16_t)0x0020)  /* Pin 5 selected    */
      |                                    ^
../Core/Inc/main.h:71:19: note: in expansion of macro 'GPIO_PIN_5'
   71 | #define LED_5_Pin GPIO_PIN_5
      |                   ^~~~~~~~~~
../Core/Src/main.c:35:3: note: in expansion of macro 'LED_5_Pin'
   35 |   LED_5_Pin,
      |   ^~~~~~~~~
../Drivers/STM32F1xx_HAL_Driver/Inc/stm32f1xx_hal_gpio.h:88:36: warning: initialization of 'GPIO_TypeDef *' {aka 'struct <anonymous> *'} from 'short unsigned int' makes pointer from integer without a cast [-Wint-conversion]
   88 | #define GPIO_PIN_6                 ((uint16_t)0x0040)  /* Pin 6 selected    */
      |                                    ^
../Core/Inc/main.h:73:19: note: in expansion of macro 'GPIO_PIN_6'
   73 | #define LED_6_Pin GPIO_PIN_6
      |                   ^~~~~~~~~~
../Core/Src/main.c:36:3: note: in expansion of macro 'LED_6_Pin'
   36 |   LED_6_Pin,
      |   ^~~~~~~~~
../Drivers/STM32F1xx_HAL_Driver/Inc/stm32f1xx_hal_gpio.h:88:36: note: (near initialization for 'LED_PIN[5]')
   88 | #define GPIO_PIN_6                 ((uint16_t)0x0040)  /* Pin 6 selected    */
      |                                    ^
../Core/Inc/main.h:73:19: note: in expansion of macro 'GPIO_PIN_6'
   73 | #define LED_6_Pin GPIO_PIN_6
      |                   ^~~~~~~~~~
../Core/Src/main.c:36:3: note: in expansion of macro 'LED_6_Pin'
   36 |   LED_6_Pin,
      |   ^~~~~~~~~
../Drivers/STM32F1xx_HAL_Driver/Inc/stm32f1xx_hal_gpio.h:89:36: warning: initialization of 'GPIO_TypeDef *' {aka 'struct <anonymous> *'} from 'short unsigned int' makes pointer from integer without a cast [-Wint-conversion]
   89 | #define GPIO_PIN_7                 ((uint16_t)0x0080)  /* Pin 7 selected    */
      |                                    ^
../Core/Inc/main.h:75:19: note: in expansion of macro 'GPIO_PIN_7'
   75 | #define LED_7_Pin GPIO_PIN_7
      |                   ^~~~~~~~~~
../Core/Src/main.c:37:3: note: in expansion of macro 'LED_7_Pin'
   37 |   LED_7_Pin,
      |   ^~~~~~~~~
../Drivers/STM32F1xx_HAL_Driver/Inc/stm32f1xx_hal_gpio.h:89:36: note: (near initialization for 'LED_PIN[6]')
   89 | #define GPIO_PIN_7                 ((uint16_t)0x0080)  /* Pin 7 selected    */
      |                                    ^
../Core/Inc/main.h:75:19: note: in expansion of macro 'GPIO_PIN_7'
   75 | #define LED_7_Pin GPIO_PIN_7
      |                   ^~~~~~~~~~
../Core/Src/main.c:37:3: note: in expansion of macro 'LED_7_Pin'
   37 |   LED_7_Pin,
      |   ^~~~~~~~~
../Drivers/STM32F1xx_HAL_Driver/Inc/stm32f1xx_hal_gpio.h:90:36: warning: initialization of 'GPIO_TypeDef *' {aka 'struct <anonymous> *'} from 'short unsigned int' makes pointer from integer without a cast [-Wint-conversion]
   90 | #define GPIO_PIN_8                 ((uint16_t)0x0100)  /* Pin 8 selected    */
      |                                    ^
../Core/Inc/main.h:77:19: note: in expansion of macro 'GPIO_PIN_8'
   77 | #define LED_8_Pin GPIO_PIN_8
      |                   ^~~~~~~~~~
../Core/Src/main.c:38:3: note: in expansion of macro 'LED_8_Pin'
   38 |   LED_8_Pin,
      |   ^~~~~~~~~
../Drivers/STM32F1xx_HAL_Driver/Inc/stm32f1xx_hal_gpio.h:90:36: note: (near initialization for 'LED_PIN[7]')
   90 | #define GPIO_PIN_8                 ((uint16_t)0x0100)  /* Pin 8 selected    */
      |                                    ^
../Core/Inc/main.h:77:19: note: in expansion of macro 'GPIO_PIN_8'
   77 | #define LED_8_Pin GPIO_PIN_8
      |                   ^~~~~~~~~~
../Core/Src/main.c:38:3: note: in expansion of macro 'LED_8_Pin'
   38 |   LED_8_Pin,
      |   ^~~~~~~~~
../Drivers/STM32F1xx_HAL_Driver/Inc/stm32f1xx_hal_gpio.h:91:36: warning: initialization of 'GPIO_TypeDef *' {aka 'struct <anonymous> *'} from 'short unsigned int' makes pointer from integer without a cast [-Wint-conversion]
   91 | #define GPIO_PIN_9                 ((uint16_t)0x0200)  /* Pin 9 selected    */
      |                                    ^
../Core/Inc/main.h:79:19: note: in expansion of macro 'GPIO_PIN_9'
   79 | #define LED_9_Pin GPIO_PIN_9
      |                   ^~~~~~~~~~
../Core/Src/main.c:39:3: note: in expansion of macro 'LED_9_Pin'
   39 |   LED_9_Pin,
      |   ^~~~~~~~~
../Drivers/STM32F1xx_HAL_Driver/Inc/stm32f1xx_hal_gpio.h:91:36: note: (near initialization for 'LED_PIN[8]')
   91 | #define GPIO_PIN_9                 ((uint16_t)0x0200)  /* Pin 9 selected    */
      |                                    ^
../Core/Inc/main.h:79:19: note: in expansion of macro 'GPIO_PIN_9'
   79 | #define LED_9_Pin GPIO_PIN_9
      |                   ^~~~~~~~~~
../Core/Src/main.c:39:3: note: in expansion of macro 'LED_9_Pin'
   39 |   LED_9_Pin,
      |   ^~~~~~~~~
../Drivers/STM32F1xx_HAL_Driver/Inc/stm32f1xx_hal_gpio.h:92:36: warning: initialization of 'GPIO_TypeDef *' {aka 'struct <anonymous> *'} from 'short unsigned int' makes pointer from integer without a cast [-Wint-conversion]
   92 | #define GPIO_PIN_10                ((uint16_t)0x0400)  /* Pin 10 selected   */
      |                                    ^
../Core/Inc/main.h:81:20: note: in expansion of macro 'GPIO_PIN_10'
   81 | #define LED_10_Pin GPIO_PIN_10
      |                    ^~~~~~~~~~~
../Core/Src/main.c:40:3: note: in expansion of macro 'LED_10_Pin'
   40 |   LED_10_Pin,
      |   ^~~~~~~~~~
../Drivers/STM32F1xx_HAL_Driver/Inc/stm32f1xx_hal_gpio.h:92:36: note: (near initialization for 'LED_PIN[9]')
   92 | #define GPIO_PIN_10                ((uint16_t)0x0400)  /* Pin 10 selected   */
      |                                    ^
../Core/Inc/main.h:81:20: note: in expansion of macro 'GPIO_PIN_10'
   81 | #define LED_10_Pin GPIO_PIN_10
      |                    ^~~~~~~~~~~
../Core/Src/main.c:40:3: note: in expansion of macro 'LED_10_Pin'
   40 |   LED_10_Pin,
      |   ^~~~~~~~~~
../Drivers/STM32F1xx_HAL_Driver/Inc/stm32f1xx_hal_gpio.h:93:36: warning: initialization of 'GPIO_TypeDef *' {aka 'struct <anonymous> *'} from 'short unsigned int' makes pointer from integer without a cast [-Wint-conversion]
   93 | #define GPIO_PIN_11                ((uint16_t)0x0800)  /* Pin 11 selected   */
      |                                    ^
../Core/Inc/main.h:83:20: note: in expansion of macro 'GPIO_PIN_11'
   83 | #define LED_11_Pin GPIO_PIN_11
      |                    ^~~~~~~~~~~
../Core/Src/main.c:41:3: note: in expansion of macro 'LED_11_Pin'
   41 |   LED_11_Pin,
      |   ^~~~~~~~~~
../Drivers/STM32F1xx_HAL_Driver/Inc/stm32f1xx_hal_gpio.h:93:36: note: (near initialization for 'LED_PIN[10]')
   93 | #define GPIO_PIN_11                ((uint16_t)0x0800)  /* Pin 11 selected   */
      |                                    ^
../Core/Inc/main.h:83:20: note: in expansion of macro 'GPIO_PIN_11'
   83 | #define LED_11_Pin GPIO_PIN_11
      |                    ^~~~~~~~~~~
../Core/Src/main.c:41:3: note: in expansion of macro 'LED_11_Pin'
   41 |   LED_11_Pin,
      |   ^~~~~~~~~~
../Drivers/STM32F1xx_HAL_Driver/Inc/stm32f1xx_hal_gpio.h:82:36: warning: initialization of 'GPIO_TypeDef *' {aka 'struct <anonymous> *'} from 'short unsigned int' makes pointer from integer without a cast [-Wint-conversion]
   82 | #define GPIO_PIN_0                 ((uint16_t)0x0001)  /* Pin 0 selected    */
      |                                    ^
../Core/Inc/main.h:61:19: note: in expansion of macro 'GPIO_PIN_0'
   61 | #define LED_0_Pin GPIO_PIN_0
      |                   ^~~~~~~~~~
../Core/Src/main.c:42:3: note: in expansion of macro 'LED_0_Pin'
   42 |   LED_0_Pin,
      |   ^~~~~~~~~
../Drivers/STM32F1xx_HAL_Driver/Inc/stm32f1xx_hal_gpio.h:82:36: note: (near initialization for 'LED_PIN[11]')
   82 | #define GPIO_PIN_0                 ((uint16_t)0x0001)  /* Pin 0 selected    */
      |                                    ^
../Core/Inc/main.h:61:19: note: in expansion of macro 'GPIO_PIN_0'
   61 | #define LED_0_Pin GPIO_PIN_0
      |                   ^~~~~~~~~~
../Core/Src/main.c:42:3: note: in expansion of macro 'LED_0_Pin'
   42 |   LED_0_Pin,
      |   ^~~~~~~~~
../Core/Src/main.c: In function 'setNumberOnClocK':
../Core/Src/main.c:105:36: warning: passing argument 2 of 'HAL_GPIO_WritePin' makes integer from pointer without a cast [-Wint-conversion]
  105 |    HAL_GPIO_WritePin(GPIOA, LED_PIN[num], GPIO_PIN_SET);
      |                             ~~~~~~~^~~~~
      |                                    |
      |                                    GPIO_TypeDef * {aka struct <anonymous> *}
In file included from ../Core/Inc/stm32f1xx_hal_conf.h:241,
                 from ../Drivers/STM32F1xx_HAL_Driver/Inc/stm32f1xx_hal.h:29,
                 from ../Core/Inc/main.h:31,
                 from ../Core/Src/main.c:21:
../Drivers/STM32F1xx_HAL_Driver/Inc/stm32f1xx_hal_gpio.h:234:54: note: expected 'uint16_t' {aka 'short unsigned int'} but argument is of type 'GPIO_TypeDef *' {aka 'struct <anonymous> *'}
  234 | void HAL_GPIO_WritePin(GPIO_TypeDef *GPIOx, uint16_t GPIO_Pin, GPIO_PinState PinState);
      |                                             ~~~~~~~~~^~~~~~~~
../Core/Src/main.c: In function 'clearNumberOnClock':
../Core/Src/main.c:109:36: warning: passing argument 2 of 'HAL_GPIO_WritePin' makes integer from pointer without a cast [-Wint-conversion]
  109 |    HAL_GPIO_WritePin(GPIOA, LED_PIN[num], GPIO_PIN_RESET);
      |                             ~~~~~~~^~~~~
      |                                    |
      |                                    GPIO_TypeDef * {aka struct <anonymous> *}
In file included from ../Core/Inc/stm32f1xx_hal_conf.h:241,
                 from ../Drivers/STM32F1xx_HAL_Driver/Inc/stm32f1xx_hal.h:29,
                 from ../Core/Inc/main.h:31,
                 from ../Core/Src/main.c:21:
../Drivers/STM32F1xx_HAL_Driver/Inc/stm32f1xx_hal_gpio.h:234:54: note: expected 'uint16_t' {aka 'short unsigned int'} but argument is of type 'GPIO_TypeDef *' {aka 'struct <anonymous> *'}
  234 | void HAL_GPIO_WritePin(GPIO_TypeDef *GPIOx, uint16_t GPIO_Pin, GPIO_PinState PinState);
      |                                             ~~~~~~~~~^~~~~~~~
../Core/Src/main.c: In function 'main':
../Core/Src/main.c:123:4: warning: implicit declaration of function 'setNumberOnClock'; did you mean 'setNumberOnClocK'? [-Wimplicit-function-declaration]
  123 |    setNumberOnClock(9);
      |    ^~~~~~~~~~~~~~~~
      |    setNumberOnClocK
At top level:
../Core/Src/main.c:112:8: warning: 'clearAllClock' defined but not used [-Wunused-function]
  112 |   void clearAllClock() {
      |        ^~~~~~~~~~~~~
../Core/Src/main.c:104:8: warning: 'setNumberOnClocK' defined but not used [-Wunused-function]
  104 |   void setNumberOnClocK(int num) {
      |        ^~~~~~~~~~~~~~~~
arm-none-eabi-gcc "../Core/Src/stm32f1xx_it.c" -mcpu=cortex-m3 -std=gnu11 -g3 -DDEBUG -DUSE_HAL_DRIVER -DSTM32F103x6 -c -I../Core/Inc -I../Drivers/STM32F1xx_HAL_Driver/Inc -I../Drivers/STM32F1xx_HAL_Driver/Inc/Legacy -I../Drivers/CMSIS/Device/ST/STM32F1xx/Include -I../Drivers/CMSIS/Include -O0 -ffunction-sections -fdata-sections -Wall -fstack-usage -MMD -MP -MF"Core/Src/stm32f1xx_it.d" -MT"Core/Src/stm32f1xx_it.o" --specs=nano.specs -mfloat-abi=soft -mthumb -o "Core/Src/stm32f1xx_it.o"
arm-none-eabi-gcc "../Core/Src/syscalls.c" -mcpu=cortex-m3 -std=gnu11 -g3 -DDEBUG -DUSE_HAL_DRIVER -DSTM32F103x6 -c -I../Core/Inc -I../Drivers/STM32F1xx_HAL_Driver/Inc -I../Drivers/STM32F1xx_HAL_Driver/Inc/Legacy -I../Drivers/CMSIS/Device/ST/STM32F1xx/Include -I../Drivers/CMSIS/Include -O0 -ffunction-sections -fdata-sections -Wall -fstack-usage -MMD -MP -MF"Core/Src/syscalls.d" -MT"Core/Src/syscalls.o" --specs=nano.specs -mfloat-abi=soft -mthumb -o "Core/Src/syscalls.o"
arm-none-eabi-gcc "../Core/Src/sysmem.c" -mcpu=cortex-m3 -std=gnu11 -g3 -DDEBUG -DUSE_HAL_DRIVER -DSTM32F103x6 -c -I../Core/Inc -I../Drivers/STM32F1xx_HAL_Driver/Inc -I../Drivers/STM32F1xx_HAL_Driver/Inc/Legacy -I../Drivers/CMSIS/Device/ST/STM32F1xx/Include -I../Drivers/CMSIS/Include -O0 -ffunction-sections -fdata-sections -Wall -fstack-usage -MMD -MP -MF"Core/Src/sysmem.d" -MT"Core/Src/sysmem.o" --specs=nano.specs -mfloat-abi=soft -mthumb -o "Core/Src/sysmem.o"
arm-none-eabi-gcc "../Core/Src/system_stm32f1xx.c" -mcpu=cortex-m3 -std=gnu11 -g3 -DDEBUG -DUSE_HAL_DRIVER -DSTM32F103x6 -c -I../Core/Inc -I../Drivers/STM32F1xx_HAL_Driver/Inc -I../Drivers/STM32F1xx_HAL_Driver/Inc/Legacy -I../Drivers/CMSIS/Device/ST/STM32F1xx/Include -I../Drivers/CMSIS/Include -O0 -ffunction-sections -fdata-sections -Wall -fstack-usage -MMD -MP -MF"Core/Src/system_stm32f1xx.d" -MT"Core/Src/system_stm32f1xx.o" --specs=nano.specs -mfloat-abi=soft -mthumb -o "Core/Src/system_stm32f1xx.o"
arm-none-eabi-gcc -o "Ex10.elf" @"objects.list"   -mcpu=cortex-m3 -T"C:\Users\nguye\Desktop\VXL\Ex10\Ex10\STM32F103C6UX_FLASH.ld" --specs=nosys.specs -Wl,-Map="Ex10.map" -Wl,--gc-sections -static --specs=nano.specs -mfloat-abi=soft -mthumb -Wl,--start-group -lc -lm -Wl,--end-group
c:\st\stm32cubeide_1.7.0\stm32cubeide\plugins\com.st.stm32cube.ide.mcu.externaltools.gnu-tools-for-stm32.9-2020-q2-update.win32_2.0.0.202105311346\tools\arm-none-eabi\bin\ld.exe: ./Core/Src/main.o: in function `main':
C:/Users/nguye/Desktop/VXL/Ex10/Ex10/Debug/../Core/Src/main.c:123: undefined reference to `setNumberOnClock'
collect2.exe: error: ld returned 1 exit status
make: *** [makefile:68: Ex10.elf] Error 1
"make -j8 all" terminated with exit code 2. Build might be incomplete.
10:12:50 **** Incremental Build of configuration Debug for project Ex10 ****
make -j8 all 
arm-none-eabi-gcc "../Core/Src/main.c" -mcpu=cortex-m3 -std=gnu11 -g3 -DDEBUG -DUSE_HAL_DRIVER -DSTM32F103x6 -c -I../Core/Inc -I../Drivers/STM32F1xx_HAL_Driver/Inc -I../Drivers/STM32F1xx_HAL_Driver/Inc/Legacy -I../Drivers/CMSIS/Device/ST/STM32F1xx/Include -I../Drivers/CMSIS/Include -O0 -ffunction-sections -fdata-sections -Wall -fstack-usage -MMD -MP -MF"Core/Src/main.d" -MT"Core/Src/main.o" --specs=nano.specs -mfloat-abi=soft -mthumb -o "Core/Src/main.o"
../Core/Src/main.c: In function 'main':
../Core/Src/main.c:123:4: warning: implicit declaration of function 'setNumberOnClock'; did you mean 'setNumberOnClocK'? [-Wimplicit-function-declaration]
  123 |    setNumberOnClock(9);
      |    ^~~~~~~~~~~~~~~~
      |    setNumberOnClocK
At top level:
../Core/Src/main.c:112:8: warning: 'clearAllClock' defined but not used [-Wunused-function]
  112 |   void clearAllClock() {
      |        ^~~~~~~~~~~~~
../Core/Src/main.c:104:8: warning: 'setNumberOnClocK' defined but not used [-Wunused-function]
  104 |   void setNumberOnClocK(int num) {
      |        ^~~~~~~~~~~~~~~~
arm-none-eabi-gcc -o "Ex10.elf" @"objects.list"   -mcpu=cortex-m3 -T"C:\Users\nguye\Desktop\VXL\Ex10\Ex10\STM32F103C6UX_FLASH.ld" --specs=nosys.specs -Wl,-Map="Ex10.map" -Wl,--gc-sections -static --specs=nano.specs -mfloat-abi=soft -mthumb -Wl,--start-group -lc -lm -Wl,--end-group
c:\st\stm32cubeide_1.7.0\stm32cubeide\plugins\com.st.stm32cube.ide.mcu.externaltools.gnu-tools-for-stm32.9-2020-q2-update.win32_2.0.0.202105311346\tools\arm-none-eabi\bin\ld.exe: ./Core/Src/main.o: in function `main':
C:/Users/nguye/Desktop/VXL/Ex10/Ex10/Debug/../Core/Src/main.c:123: undefined reference to `setNumberOnClock'
collect2.exe: error: ld returned 1 exit status
make: *** [makefile:68: Ex10.elf] Error 1
"make -j8 all" terminated with exit code 2. Build might be incomplete.
10:14:03 **** Incremental Build of configuration Debug for project Ex10 ****
make -j8 all 
arm-none-eabi-gcc "../Core/Src/main.c" -mcpu=cortex-m3 -std=gnu11 -g3 -DDEBUG -DUSE_HAL_DRIVER -DSTM32F103x6 -c -I../Core/Inc -I../Drivers/STM32F1xx_HAL_Driver/Inc -I../Drivers/STM32F1xx_HAL_Driver/Inc/Legacy -I../Drivers/CMSIS/Device/ST/STM32F1xx/Include -I../Drivers/CMSIS/Include -O0 -ffunction-sections -fdata-sections -Wall -fstack-usage -MMD -MP -MF"Core/Src/main.d" -MT"Core/Src/main.o" --specs=nano.specs -mfloat-abi=soft -mthumb -o "Core/Src/main.o"
../Core/Src/main.c:112:8: warning: 'clearAllClock' defined but not used [-Wunused-function]
  112 |   void clearAllClock() {
      |        ^~~~~~~~~~~~~
arm-none-eabi-gcc -o "Ex10.elf" @"objects.list"   -mcpu=cortex-m3 -T"C:\Users\nguye\Desktop\VXL\Ex10\Ex10\STM32F103C6UX_FLASH.ld" --specs=nosys.specs -Wl,-Map="Ex10.map" -Wl,--gc-sections -static --specs=nano.specs -mfloat-abi=soft -mthumb -Wl,--start-group -lc -lm -Wl,--end-group
Finished building target: Ex10.elf
 
arm-none-eabi-size   Ex10.elf 
arm-none-eabi-objdump -h -S  Ex10.elf  > "Ex10.list"
arm-none-eabi-objcopy  -O ihex  Ex10.elf  "Ex10.hex"
arm-none-eabi-objcopy  -O binary  Ex10.elf  "Ex10.bin"
   text	   data	    bss	    dec	    hex	filename
   4500	     44	   1572	   6116	   17e4	Ex10.elf
Finished building: default.size.stdout
 
Finished building: Ex10.hex
Finished building: Ex10.bin
 
 
Finished building: Ex10.list
 
10:18:13 **** Incremental Build of configuration Debug for project Ex10 ****
make -j8 all 
arm-none-eabi-gcc "../Core/Src/main.c" -mcpu=cortex-m3 -std=gnu11 -g3 -DDEBUG -DUSE_HAL_DRIVER -DSTM32F103x6 -c -I../Core/Inc -I../Drivers/STM32F1xx_HAL_Driver/Inc -I../Drivers/STM32F1xx_HAL_Driver/Inc/Legacy -I../Drivers/CMSIS/Device/ST/STM32F1xx/Include -I../Drivers/CMSIS/Include -O0 -ffunction-sections -fdata-sections -Wall -fstack-usage -MMD -MP -MF"Core/Src/main.d" -MT"Core/Src/main.o" --specs=nano.specs -mfloat-abi=soft -mthumb -o "Core/Src/main.o"
../Core/Src/main.c: In function 'main':
../Core/Src/main.c:118:28: error: unknown type name 'mn'
  118 |   void displayTime(int hr, mn, sec) {
      |                            ^~
../Core/Src/main.c:118:32: error: unknown type name 'sec'
  118 |   void displayTime(int hr, mn, sec) {
      |                                ^~~
../Core/Src/main.c:144:4: warning: implicit declaration of function 'displayTime' [-Wimplicit-function-declaration]
  144 |    displayTime(3, 30, 00);
      |    ^~~~~~~~~~~
At top level:
../Core/Src/main.c:112:8: warning: 'clearAllClock' defined but not used [-Wunused-function]
  112 |   void clearAllClock() {
      |        ^~~~~~~~~~~~~
../Core/Src/main.c:104:8: warning: 'setNumberOnClocK' defined but not used [-Wunused-function]
  104 |   void setNumberOnClocK(int num) {
      |        ^~~~~~~~~~~~~~~~
make: *** [Core/Src/subdir.mk:34: Core/Src/main.o] Error 1
"make -j8 all" terminated with exit code 2. Build might be incomplete.
10:18:42 **** Incremental Build of configuration Debug for project Ex10 ****
make -j8 all 
arm-none-eabi-gcc "../Core/Src/main.c" -mcpu=cortex-m3 -std=gnu11 -g3 -DDEBUG -DUSE_HAL_DRIVER -DSTM32F103x6 -c -I../Core/Inc -I../Drivers/STM32F1xx_HAL_Driver/Inc -I../Drivers/STM32F1xx_HAL_Driver/Inc/Legacy -I../Drivers/CMSIS/Device/ST/STM32F1xx/Include -I../Drivers/CMSIS/Include -O0 -ffunction-sections -fdata-sections -Wall -fstack-usage -MMD -MP -MF"Core/Src/main.d" -MT"Core/Src/main.o" --specs=nano.specs -mfloat-abi=soft -mthumb -o "Core/Src/main.o"
../Core/Src/main.c: In function 'displayTime':
../Core/Src/main.c:134:4: warning: implicit declaration of function 'setNumberOnClock'; did you mean 'setNumberOnClocK'? [-Wimplicit-function-declaration]
  134 |    setNumberOnClock(hr);
      |    ^~~~~~~~~~~~~~~~
      |    setNumberOnClocK
arm-none-eabi-gcc -o "Ex10.elf" @"objects.list"   -mcpu=cortex-m3 -T"C:\Users\nguye\Desktop\VXL\Ex10\Ex10\STM32F103C6UX_FLASH.ld" --specs=nosys.specs -Wl,-Map="Ex10.map" -Wl,--gc-sections -static --specs=nano.specs -mfloat-abi=soft -mthumb -Wl,--start-group -lc -lm -Wl,--end-group
c:\st\stm32cubeide_1.7.0\stm32cubeide\plugins\com.st.stm32cube.ide.mcu.externaltools.gnu-tools-for-stm32.9-2020-q2-update.win32_2.0.0.202105311346\tools\arm-none-eabi\bin\ld.exe: ./Core/Src/main.o: in function `displayTime':
C:/Users/nguye/Desktop/VXL/Ex10/Ex10/Debug/../Core/Src/main.c:134: undefined reference to `setNumberOnClock'
collect2.exe: error: ld returned 1 exit status
make: *** [makefile:68: Ex10.elf] Error 1
"make -j8 all" terminated with exit code 2. Build might be incomplete.
10:19:08 **** Incremental Build of configuration Debug for project Ex10 ****
make -j8 all 
arm-none-eabi-gcc "../Core/Src/main.c" -mcpu=cortex-m3 -std=gnu11 -g3 -DDEBUG -DUSE_HAL_DRIVER -DSTM32F103x6 -c -I../Core/Inc -I../Drivers/STM32F1xx_HAL_Driver/Inc -I../Drivers/STM32F1xx_HAL_Driver/Inc/Legacy -I../Drivers/CMSIS/Device/ST/STM32F1xx/Include -I../Drivers/CMSIS/Include -O0 -ffunction-sections -fdata-sections -Wall -fstack-usage -MMD -MP -MF"Core/Src/main.d" -MT"Core/Src/main.o" --specs=nano.specs -mfloat-abi=soft -mthumb -o "Core/Src/main.o"
../Core/Src/main.c: In function 'displayTime':
../Core/Src/main.c:134:24: error: expected ';' before 'setNumberOnClocK'
  134 |    setNumberOnClocK(hr)
      |                        ^
      |                        ;
  135 |    setNumberOnClocK(minuteLed);
      |    ~~~~~~~~~~~~~~~~     
make: *** [Core/Src/subdir.mk:34: Core/Src/main.o] Error 1
"make -j8 all" terminated with exit code 2. Build might be incomplete.
10:19:15 **** Incremental Build of configuration Debug for project Ex10 ****
make -j8 all 
arm-none-eabi-gcc "../Core/Src/main.c" -mcpu=cortex-m3 -std=gnu11 -g3 -DDEBUG -DUSE_HAL_DRIVER -DSTM32F103x6 -c -I../Core/Inc -I../Drivers/STM32F1xx_HAL_Driver/Inc -I../Drivers/STM32F1xx_HAL_Driver/Inc/Legacy -I../Drivers/CMSIS/Device/ST/STM32F1xx/Include -I../Drivers/CMSIS/Include -O0 -ffunction-sections -fdata-sections -Wall -fstack-usage -MMD -MP -MF"Core/Src/main.d" -MT"Core/Src/main.o" --specs=nano.specs -mfloat-abi=soft -mthumb -o "Core/Src/main.o"
arm-none-eabi-gcc -o "Ex10.elf" @"objects.list"   -mcpu=cortex-m3 -T"C:\Users\nguye\Desktop\VXL\Ex10\Ex10\STM32F103C6UX_FLASH.ld" --specs=nosys.specs -Wl,-Map="Ex10.map" -Wl,--gc-sections -static --specs=nano.specs -mfloat-abi=soft -mthumb -Wl,--start-group -lc -lm -Wl,--end-group
Finished building target: Ex10.elf
 
arm-none-eabi-size   Ex10.elf 
arm-none-eabi-objdump -h -S  Ex10.elf  > "Ex10.list"
arm-none-eabi-objcopy  -O ihex  Ex10.elf  "Ex10.hex"
   text	   data	    bss	    dec	    hex	filename
   4752	     44	   1572	   6368	   18e0	Ex10.elf
arm-none-eabi-objcopy  -O binary  Ex10.elf  "Ex10.bin"
Finished building: default.size.stdout
 
Finished building: Ex10.hex
Finished building: Ex10.bin
Finished building: Ex10.list
 
 
 
10:19:21 **** Incremental Build of configuration Debug for project Ex10 ****
make -j8 all 
arm-none-eabi-size   Ex10.elf 
   text	   data	    bss	    dec	    hex	filename
   4752	     44	   1572	   6368	   18e0	Ex10.elf
Finished building: default.size.stdout
 
10:27:25 **** Incremental Build of configuration Debug for project Ex10 ****
make -j8 all 
arm-none-eabi-gcc "../Core/Src/main.c" -mcpu=cortex-m3 -std=gnu11 -g3 -DDEBUG -DUSE_HAL_DRIVER -DSTM32F103x6 -c -I../Core/Inc -I../Drivers/STM32F1xx_HAL_Driver/Inc -I../Drivers/STM32F1xx_HAL_Driver/Inc/Legacy -I../Drivers/CMSIS/Device/ST/STM32F1xx/Include -I../Drivers/CMSIS/Include -O0 -ffunction-sections -fdata-sections -Wall -fstack-usage -MMD -MP -MF"Core/Src/main.d" -MT"Core/Src/main.o" --specs=nano.specs -mfloat-abi=soft -mthumb -o "Core/Src/main.o"
arm-none-eabi-gcc -o "Ex10.elf" @"objects.list"   -mcpu=cortex-m3 -T"C:\Users\nguye\Desktop\VXL\Ex10\Ex10\STM32F103C6UX_FLASH.ld" --specs=nosys.specs -Wl,-Map="Ex10.map" -Wl,--gc-sections -static --specs=nano.specs -mfloat-abi=soft -mthumb -Wl,--start-group -lc -lm -Wl,--end-group
Finished building target: Ex10.elf
 
arm-none-eabi-size   Ex10.elf 
arm-none-eabi-objdump -h -S  Ex10.elf  > "Ex10.list"
arm-none-eabi-objcopy  -O ihex  Ex10.elf  "Ex10.hex"
arm-none-eabi-objcopy  -O binary  Ex10.elf  "Ex10.bin"
   text	   data	    bss	    dec	    hex	filename
   4756	     44	   1572	   6372	   18e4	Ex10.elf
Finished building: default.size.stdout
 
Finished building: Ex10.hex
Finished building: Ex10.bin
 
Finished building: Ex10.list
 
 
10:30:08 **** Incremental Build of configuration Debug for project Ex10 ****
make -j8 all 
arm-none-eabi-gcc "../Core/Src/main.c" -mcpu=cortex-m3 -std=gnu11 -g3 -DDEBUG -DUSE_HAL_DRIVER -DSTM32F103x6 -c -I../Core/Inc -I../Drivers/STM32F1xx_HAL_Driver/Inc -I../Drivers/STM32F1xx_HAL_Driver/Inc/Legacy -I../Drivers/CMSIS/Device/ST/STM32F1xx/Include -I../Drivers/CMSIS/Include -O0 -ffunction-sections -fdata-sections -Wall -fstack-usage -MMD -MP -MF"Core/Src/main.d" -MT"Core/Src/main.o" --specs=nano.specs -mfloat-abi=soft -mthumb -o "Core/Src/main.o"
arm-none-eabi-gcc -o "Ex10.elf" @"objects.list"   -mcpu=cortex-m3 -T"C:\Users\nguye\Desktop\VXL\Ex10\Ex10\STM32F103C6UX_FLASH.ld" --specs=nosys.specs -Wl,-Map="Ex10.map" -Wl,--gc-sections -static --specs=nano.specs -mfloat-abi=soft -mthumb -Wl,--start-group -lc -lm -Wl,--end-group
Finished building target: Ex10.elf
 
arm-none-eabi-size   Ex10.elf 
arm-none-eabi-objdump -h -S  Ex10.elf  > "Ex10.list"
arm-none-eabi-objcopy  -O ihex  Ex10.elf  "Ex10.hex"
   text	   data	    bss	    dec	    hex	filename
   4756	     44	   1572	   6372	   18e4	Ex10.elf
arm-none-eabi-objcopy  -O binary  Ex10.elf  "Ex10.bin"
Finished building: default.size.stdout
 
Finished building: Ex10.hex
Finished building: Ex10.bin
 
 
Finished building: Ex10.list
 
10:39:55 **** Incremental Build of configuration Debug for project Ex10 ****
make -j8 all 
arm-none-eabi-gcc "../Core/Src/main.c" -mcpu=cortex-m3 -std=gnu11 -g3 -DDEBUG -DUSE_HAL_DRIVER -DSTM32F103x6 -c -I../Core/Inc -I../Drivers/STM32F1xx_HAL_Driver/Inc -I../Drivers/STM32F1xx_HAL_Driver/Inc/Legacy -I../Drivers/CMSIS/Device/ST/STM32F1xx/Include -I../Drivers/CMSIS/Include -O0 -ffunction-sections -fdata-sections -Wall -fstack-usage -MMD -MP -MF"Core/Src/main.d" -MT"Core/Src/main.o" --specs=nano.specs -mfloat-abi=soft -mthumb -o "Core/Src/main.o"
arm-none-eabi-gcc -o "Ex10.elf" @"objects.list"   -mcpu=cortex-m3 -T"C:\Users\nguye\Desktop\VXL\Ex10\Ex10\STM32F103C6UX_FLASH.ld" --specs=nosys.specs -Wl,-Map="Ex10.map" -Wl,--gc-sections -static --specs=nano.specs -mfloat-abi=soft -mthumb -Wl,--start-group -lc -lm -Wl,--end-group
Finished building target: Ex10.elf
 
arm-none-eabi-size   Ex10.elf 
arm-none-eabi-objdump -h -S  Ex10.elf  > "Ex10.list"
arm-none-eabi-objcopy  -O ihex  Ex10.elf  "Ex10.hex"
arm-none-eabi-objcopy  -O binary  Ex10.elf  "Ex10.bin"
   text	   data	    bss	    dec	    hex	filename
   4880	     52	   1580	   6512	   1970	Ex10.elf
Finished building: default.size.stdout
 
Finished building: Ex10.hex
Finished building: Ex10.bin
Finished building: Ex10.list
 
 
 
10:40:06 **** Incremental Build of configuration Debug for project Ex10 ****
make -j8 all 
arm-none-eabi-size   Ex10.elf 
   text	   data	    bss	    dec	    hex	filename
   4880	     52	   1580	   6512	   1970	Ex10.elf
Finished building: default.size.stdout
 
10:40:38 **** Incremental Build of configuration Debug for project Ex10 ****
make -j8 all 
arm-none-eabi-gcc "../Core/Src/main.c" -mcpu=cortex-m3 -std=gnu11 -g3 -DDEBUG -DUSE_HAL_DRIVER -DSTM32F103x6 -c -I../Core/Inc -I../Drivers/STM32F1xx_HAL_Driver/Inc -I../Drivers/STM32F1xx_HAL_Driver/Inc/Legacy -I../Drivers/CMSIS/Device/ST/STM32F1xx/Include -I../Drivers/CMSIS/Include -O0 -ffunction-sections -fdata-sections -Wall -fstack-usage -MMD -MP -MF"Core/Src/main.d" -MT"Core/Src/main.o" --specs=nano.specs -mfloat-abi=soft -mthumb -o "Core/Src/main.o"
arm-none-eabi-gcc -o "Ex10.elf" @"objects.list"   -mcpu=cortex-m3 -T"C:\Users\nguye\Desktop\VXL\Ex10\Ex10\STM32F103C6UX_FLASH.ld" --specs=nosys.specs -Wl,-Map="Ex10.map" -Wl,--gc-sections -static --specs=nano.specs -mfloat-abi=soft -mthumb -Wl,--start-group -lc -lm -Wl,--end-group
Finished building target: Ex10.elf
 
arm-none-eabi-size   Ex10.elf 
arm-none-eabi-objdump -h -S  Ex10.elf  > "Ex10.list"
arm-none-eabi-objcopy  -O ihex  Ex10.elf  "Ex10.hex"
arm-none-eabi-objcopy  -O binary  Ex10.elf  "Ex10.bin"
   text	   data	    bss	    dec	    hex	filename
   4880	     52	   1580	   6512	   1970	Ex10.elf
Finished building: default.size.stdout
 
Finished building: Ex10.hex
Finished building: Ex10.bin
 
Finished building: Ex10.list
 
 
10:43:43 **** Incremental Build of configuration Debug for project Ex10 ****
make -j8 all 
arm-none-eabi-gcc "../Core/Src/main.c" -mcpu=cortex-m3 -std=gnu11 -g3 -DDEBUG -DUSE_HAL_DRIVER -DSTM32F103x6 -c -I../Core/Inc -I../Drivers/STM32F1xx_HAL_Driver/Inc -I../Drivers/STM32F1xx_HAL_Driver/Inc/Legacy -I../Drivers/CMSIS/Device/ST/STM32F1xx/Include -I../Drivers/CMSIS/Include -O0 -ffunction-sections -fdata-sections -Wall -fstack-usage -MMD -MP -MF"Core/Src/main.d" -MT"Core/Src/main.o" --specs=nano.specs -mfloat-abi=soft -mthumb -o "Core/Src/main.o"
../Core/Src/main.c: In function 'main':
../Core/Src/main.c:148:27: error: expected ';' before '}' token
  148 |    displayTime(10, 30, 45)
      |                           ^
      |                           ;
......
  170 |   }
      |   ~                        
At top level:
../Core/Src/main.c:59:17: warning: 'lastUpdate' defined but not used [-Wunused-variable]
   59 | static uint32_t lastUpdate = 0;
      |                 ^~~~~~~~~~
../Core/Src/main.c:58:12: warning: 'second' defined but not used [-Wunused-variable]
   58 | static int second = 0;
      |            ^~~~~~
../Core/Src/main.c:57:12: warning: 'minute' defined but not used [-Wunused-variable]
   57 | static int minute = 34;
      |            ^~~~~~
../Core/Src/main.c:56:12: warning: 'hour' defined but not used [-Wunused-variable]
   56 | static int hour = 10;
      |            ^~~~
make: *** [Core/Src/subdir.mk:34: Core/Src/main.o] Error 1
"make -j8 all" terminated with exit code 2. Build might be incomplete.
10:44:10 **** Incremental Build of configuration Debug for project Ex10 ****
make -j8 all 
arm-none-eabi-gcc "../Core/Src/main.c" -mcpu=cortex-m3 -std=gnu11 -g3 -DDEBUG -DUSE_HAL_DRIVER -DSTM32F103x6 -c -I../Core/Inc -I../Drivers/STM32F1xx_HAL_Driver/Inc -I../Drivers/STM32F1xx_HAL_Driver/Inc/Legacy -I../Drivers/CMSIS/Device/ST/STM32F1xx/Include -I../Drivers/CMSIS/Include -O0 -ffunction-sections -fdata-sections -Wall -fstack-usage -MMD -MP -MF"Core/Src/main.d" -MT"Core/Src/main.o" --specs=nano.specs -mfloat-abi=soft -mthumb -o "Core/Src/main.o"
../Core/Src/main.c:59:17: warning: 'lastUpdate' defined but not used [-Wunused-variable]
   59 | static uint32_t lastUpdate = 0;
      |                 ^~~~~~~~~~
../Core/Src/main.c:58:12: warning: 'second' defined but not used [-Wunused-variable]
   58 | static int second = 0;
      |            ^~~~~~
../Core/Src/main.c:57:12: warning: 'minute' defined but not used [-Wunused-variable]
   57 | static int minute = 34;
      |            ^~~~~~
../Core/Src/main.c:56:12: warning: 'hour' defined but not used [-Wunused-variable]
   56 | static int hour = 10;
      |            ^~~~
arm-none-eabi-gcc -o "Ex10.elf" @"objects.list"   -mcpu=cortex-m3 -T"C:\Users\nguye\Desktop\VXL\Ex10\Ex10\STM32F103C6UX_FLASH.ld" --specs=nosys.specs -Wl,-Map="Ex10.map" -Wl,--gc-sections -static --specs=nano.specs -mfloat-abi=soft -mthumb -Wl,--start-group -lc -lm -Wl,--end-group
Finished building target: Ex10.elf
 
arm-none-eabi-size   Ex10.elf 
arm-none-eabi-objdump -h -S  Ex10.elf  > "Ex10.list"
arm-none-eabi-objcopy  -O ihex  Ex10.elf  "Ex10.hex"
arm-none-eabi-objcopy  -O binary  Ex10.elf  "Ex10.bin"
   text	   data	    bss	    dec	    hex	filename
   4756	     44	   1572	   6372	   18e4	Ex10.elf
Finished building: default.size.stdout
 
Finished building: Ex10.hex
Finished building: Ex10.bin
 
Finished building: Ex10.list
 
 
10:45:35 **** Incremental Build of configuration Debug for project Ex10 ****
make -j8 all 
arm-none-eabi-gcc "../Core/Src/main.c" -mcpu=cortex-m3 -std=gnu11 -g3 -DDEBUG -DUSE_HAL_DRIVER -DSTM32F103x6 -c -I../Core/Inc -I../Drivers/STM32F1xx_HAL_Driver/Inc -I../Drivers/STM32F1xx_HAL_Driver/Inc/Legacy -I../Drivers/CMSIS/Device/ST/STM32F1xx/Include -I../Drivers/CMSIS/Include -O0 -ffunction-sections -fdata-sections -Wall -fstack-usage -MMD -MP -MF"Core/Src/main.d" -MT"Core/Src/main.o" --specs=nano.specs -mfloat-abi=soft -mthumb -o "Core/Src/main.o"
arm-none-eabi-gcc -o "Ex10.elf" @"objects.list"   -mcpu=cortex-m3 -T"C:\Users\nguye\Desktop\VXL\Ex10\Ex10\STM32F103C6UX_FLASH.ld" --specs=nosys.specs -Wl,-Map="Ex10.map" -Wl,--gc-sections -static --specs=nano.specs -mfloat-abi=soft -mthumb -Wl,--start-group -lc -lm -Wl,--end-group
Finished building target: Ex10.elf
 
arm-none-eabi-size   Ex10.elf 
arm-none-eabi-objdump -h -S  Ex10.elf  > "Ex10.list"
arm-none-eabi-objcopy  -O ihex  Ex10.elf  "Ex10.hex"
arm-none-eabi-objcopy  -O binary  Ex10.elf  "Ex10.bin"
   text	   data	    bss	    dec	    hex	filename
   4880	     52	   1580	   6512	   1970	Ex10.elf
Finished building: default.size.stdout
 
Finished building: Ex10.hex
Finished building: Ex10.bin
 
Finished building: Ex10.list
 
 
10:46:09 **** Incremental Build of configuration Debug for project Ex10 ****
make -j8 all 
arm-none-eabi-gcc "../Core/Src/main.c" -mcpu=cortex-m3 -std=gnu11 -g3 -DDEBUG -DUSE_HAL_DRIVER -DSTM32F103x6 -c -I../Core/Inc -I../Drivers/STM32F1xx_HAL_Driver/Inc -I../Drivers/STM32F1xx_HAL_Driver/Inc/Legacy -I../Drivers/CMSIS/Device/ST/STM32F1xx/Include -I../Drivers/CMSIS/Include -O0 -ffunction-sections -fdata-sections -Wall -fstack-usage -MMD -MP -MF"Core/Src/main.d" -MT"Core/Src/main.o" --specs=nano.specs -mfloat-abi=soft -mthumb -o "Core/Src/main.o"
arm-none-eabi-gcc -o "Ex10.elf" @"objects.list"   -mcpu=cortex-m3 -T"C:\Users\nguye\Desktop\VXL\Ex10\Ex10\STM32F103C6UX_FLASH.ld" --specs=nosys.specs -Wl,-Map="Ex10.map" -Wl,--gc-sections -static --specs=nano.specs -mfloat-abi=soft -mthumb -Wl,--start-group -lc -lm -Wl,--end-group
Finished building target: Ex10.elf
 
arm-none-eabi-size   Ex10.elf 
arm-none-eabi-objdump -h -S  Ex10.elf  > "Ex10.list"
arm-none-eabi-objcopy  -O ihex  Ex10.elf  "Ex10.hex"
arm-none-eabi-objcopy  -O binary  Ex10.elf  "Ex10.bin"
   text	   data	    bss	    dec	    hex	filename
   4880	     52	   1580	   6512	   1970	Ex10.elf
Finished building: default.size.stdout
 
Finished building: Ex10.hex
Finished building: Ex10.bin
 
 
Finished building: Ex10.list
 
10:50:01 **** Incremental Build of configuration Debug for project Ex10 ****
make -j8 all 
arm-none-eabi-gcc "../Core/Src/main.c" -mcpu=cortex-m3 -std=gnu11 -g3 -DDEBUG -DUSE_HAL_DRIVER -DSTM32F103x6 -c -I../Core/Inc -I../Drivers/STM32F1xx_HAL_Driver/Inc -I../Drivers/STM32F1xx_HAL_Driver/Inc/Legacy -I../Drivers/CMSIS/Device/ST/STM32F1xx/Include -I../Drivers/CMSIS/Include -O0 -ffunction-sections -fdata-sections -Wall -fstack-usage -MMD -MP -MF"Core/Src/main.d" -MT"Core/Src/main.o" --specs=nano.specs -mfloat-abi=soft -mthumb -o "Core/Src/main.o"
arm-none-eabi-gcc -o "Ex10.elf" @"objects.list"   -mcpu=cortex-m3 -T"C:\Users\nguye\Desktop\VXL\Ex10\Ex10\STM32F103C6UX_FLASH.ld" --specs=nosys.specs -Wl,-Map="Ex10.map" -Wl,--gc-sections -static --specs=nano.specs -mfloat-abi=soft -mthumb -Wl,--start-group -lc -lm -Wl,--end-group
Finished building target: Ex10.elf
 
arm-none-eabi-size   Ex10.elf 
arm-none-eabi-objdump -h -S  Ex10.elf  > "Ex10.list"
arm-none-eabi-objcopy  -O ihex  Ex10.elf  "Ex10.hex"
arm-none-eabi-objcopy  -O binary  Ex10.elf  "Ex10.bin"
   text	   data	    bss	    dec	    hex	filename
   4960	     52	   1580	   6592	   19c0	Ex10.elf
Finished building: default.size.stdout
 
Finished building: Ex10.hex
Finished building: Ex10.bin
 
Finished building: Ex10.list
 
 
10:55:15 **** Incremental Build of configuration Debug for project Ex10 ****
make -j8 all 
arm-none-eabi-gcc "../Core/Src/main.c" -mcpu=cortex-m3 -std=gnu11 -g3 -DDEBUG -DUSE_HAL_DRIVER -DSTM32F103x6 -c -I../Core/Inc -I../Drivers/STM32F1xx_HAL_Driver/Inc -I../Drivers/STM32F1xx_HAL_Driver/Inc/Legacy -I../Drivers/CMSIS/Device/ST/STM32F1xx/Include -I../Drivers/CMSIS/Include -O0 -ffunction-sections -fdata-sections -Wall -fstack-usage -MMD -MP -MF"Core/Src/main.d" -MT"Core/Src/main.o" --specs=nano.specs -mfloat-abi=soft -mthumb -o "Core/Src/main.o"
../Core/Src/main.c:60:12: warning: 'secondLedIndex' defined but not used [-Wunused-variable]
   60 | static int secondLedIndex = 0;
      |            ^~~~~~~~~~~~~~
arm-none-eabi-gcc -o "Ex10.elf" @"objects.list"   -mcpu=cortex-m3 -T"C:\Users\nguye\Desktop\VXL\Ex10\Ex10\STM32F103C6UX_FLASH.ld" --specs=nosys.specs -Wl,-Map="Ex10.map" -Wl,--gc-sections -static --specs=nano.specs -mfloat-abi=soft -mthumb -Wl,--start-group -lc -lm -Wl,--end-group
Finished building target: Ex10.elf
 
arm-none-eabi-size   Ex10.elf 
arm-none-eabi-objdump -h -S  Ex10.elf  > "Ex10.list"
arm-none-eabi-objcopy  -O ihex  Ex10.elf  "Ex10.hex"
arm-none-eabi-objcopy  -O binary  Ex10.elf  "Ex10.bin"
   text	   data	    bss	    dec	    hex	filename
   4936	     52	   1580	   6568	   19a8	Ex10.elf
Finished building: default.size.stdout
 
Finished building: Ex10.hex
Finished building: Ex10.list
Finished building: Ex10.bin
 
 
 
10:55:28 **** Incremental Build of configuration Debug for project Ex10 ****
make -j8 all 
arm-none-eabi-gcc "../Core/Src/main.c" -mcpu=cortex-m3 -std=gnu11 -g3 -DDEBUG -DUSE_HAL_DRIVER -DSTM32F103x6 -c -I../Core/Inc -I../Drivers/STM32F1xx_HAL_Driver/Inc -I../Drivers/STM32F1xx_HAL_Driver/Inc/Legacy -I../Drivers/CMSIS/Device/ST/STM32F1xx/Include -I../Drivers/CMSIS/Include -O0 -ffunction-sections -fdata-sections -Wall -fstack-usage -MMD -MP -MF"Core/Src/main.d" -MT"Core/Src/main.o" --specs=nano.specs -mfloat-abi=soft -mthumb -o "Core/Src/main.o"
arm-none-eabi-gcc -o "Ex10.elf" @"objects.list"   -mcpu=cortex-m3 -T"C:\Users\nguye\Desktop\VXL\Ex10\Ex10\STM32F103C6UX_FLASH.ld" --specs=nosys.specs -Wl,-Map="Ex10.map" -Wl,--gc-sections -static --specs=nano.specs -mfloat-abi=soft -mthumb -Wl,--start-group -lc -lm -Wl,--end-group
Finished building target: Ex10.elf
 
arm-none-eabi-size   Ex10.elf 
arm-none-eabi-objdump -h -S  Ex10.elf  > "Ex10.list"
arm-none-eabi-objcopy  -O ihex  Ex10.elf  "Ex10.hex"
arm-none-eabi-objcopy  -O binary  Ex10.elf  "Ex10.bin"
   text	   data	    bss	    dec	    hex	filename
   4936	     52	   1580	   6568	   19a8	Ex10.elf
Finished building: default.size.stdout
 
Finished building: Ex10.hex
Finished building: Ex10.bin
 
Finished building: Ex10.list
 
 
10:55:36 **** Incremental Build of configuration Debug for project Ex10 ****
make -j8 all 
arm-none-eabi-size   Ex10.elf 
   text	   data	    bss	    dec	    hex	filename
   4936	     52	   1580	   6568	   19a8	Ex10.elf
Finished building: default.size.stdout
 
11:03:06 **** Incremental Build of configuration Debug for project Ex10 ****
make -j8 all 
arm-none-eabi-gcc "../Core/Src/main.c" -mcpu=cortex-m3 -std=gnu11 -g3 -DDEBUG -DUSE_HAL_DRIVER -DSTM32F103x6 -c -I../Core/Inc -I../Drivers/STM32F1xx_HAL_Driver/Inc -I../Drivers/STM32F1xx_HAL_Driver/Inc/Legacy -I../Drivers/CMSIS/Device/ST/STM32F1xx/Include -I../Drivers/CMSIS/Include -O0 -ffunction-sections -fdata-sections -Wall -fstack-usage -MMD -MP -MF"Core/Src/main.d" -MT"Core/Src/main.o" --specs=nano.specs -mfloat-abi=soft -mthumb -o "Core/Src/main.o"
../Core/Src/main.c: In function 'main':
../Core/Src/main.c:168:17: error: 'currentSec' undeclared (first use in this function); did you mean 'currSec'?
  168 |    lastUpdate = currentSec;
      |                 ^~~~~~~~~~
      |                 currSec
../Core/Src/main.c:168:17: note: each undeclared identifier is reported only once for each function it appears in
make: *** [Core/Src/subdir.mk:34: Core/Src/main.o] Error 1
"make -j8 all" terminated with exit code 2. Build might be incomplete.
11:03:16 **** Incremental Build of configuration Debug for project Ex10 ****
make -j8 all 
arm-none-eabi-gcc "../Core/Src/main.c" -mcpu=cortex-m3 -std=gnu11 -g3 -DDEBUG -DUSE_HAL_DRIVER -DSTM32F103x6 -c -I../Core/Inc -I../Drivers/STM32F1xx_HAL_Driver/Inc -I../Drivers/STM32F1xx_HAL_Driver/Inc/Legacy -I../Drivers/CMSIS/Device/ST/STM32F1xx/Include -I../Drivers/CMSIS/Include -O0 -ffunction-sections -fdata-sections -Wall -fstack-usage -MMD -MP -MF"Core/Src/main.d" -MT"Core/Src/main.o" --specs=nano.specs -mfloat-abi=soft -mthumb -o "Core/Src/main.o"
arm-none-eabi-gcc -o "Ex10.elf" @"objects.list"   -mcpu=cortex-m3 -T"C:\Users\nguye\Desktop\VXL\Ex10\Ex10\STM32F103C6UX_FLASH.ld" --specs=nosys.specs -Wl,-Map="Ex10.map" -Wl,--gc-sections -static --specs=nano.specs -mfloat-abi=soft -mthumb -Wl,--start-group -lc -lm -Wl,--end-group
Finished building target: Ex10.elf
 
arm-none-eabi-size   Ex10.elf 
arm-none-eabi-objdump -h -S  Ex10.elf  > "Ex10.list"
arm-none-eabi-objcopy  -O ihex  Ex10.elf  "Ex10.hex"
   text	   data	    bss	    dec	    hex	filename
   4936	     52	   1580	   6568	   19a8	Ex10.elf
arm-none-eabi-objcopy  -O binary  Ex10.elf  "Ex10.bin"
Finished building: default.size.stdout
 
Finished building: Ex10.hex
Finished building: Ex10.bin
Finished building: Ex10.list
 
 
 
11:03:54 **** Incremental Build of configuration Debug for project Ex10 ****
make -j8 all 
arm-none-eabi-gcc "../Core/Src/main.c" -mcpu=cortex-m3 -std=gnu11 -g3 -DDEBUG -DUSE_HAL_DRIVER -DSTM32F103x6 -c -I../Core/Inc -I../Drivers/STM32F1xx_HAL_Driver/Inc -I../Drivers/STM32F1xx_HAL_Driver/Inc/Legacy -I../Drivers/CMSIS/Device/ST/STM32F1xx/Include -I../Drivers/CMSIS/Include -O0 -ffunction-sections -fdata-sections -Wall -fstack-usage -MMD -MP -MF"Core/Src/main.d" -MT"Core/Src/main.o" --specs=nano.specs -mfloat-abi=soft -mthumb -o "Core/Src/main.o"
arm-none-eabi-gcc -o "Ex10.elf" @"objects.list"   -mcpu=cortex-m3 -T"C:\Users\nguye\Desktop\VXL\Ex10\Ex10\STM32F103C6UX_FLASH.ld" --specs=nosys.specs -Wl,-Map="Ex10.map" -Wl,--gc-sections -static --specs=nano.specs -mfloat-abi=soft -mthumb -Wl,--start-group -lc -lm -Wl,--end-group
Finished building target: Ex10.elf
 
arm-none-eabi-size   Ex10.elf 
arm-none-eabi-objdump -h -S  Ex10.elf  > "Ex10.list"
arm-none-eabi-objcopy  -O ihex  Ex10.elf  "Ex10.hex"
arm-none-eabi-objcopy  -O binary  Ex10.elf  "Ex10.bin"
   text	   data	    bss	    dec	    hex	filename
   4928	     52	   1580	   6560	   19a0	Ex10.elf
Finished building: default.size.stdout
 
Finished building: Ex10.hex
Finished building: Ex10.bin
 
 
Finished building: Ex10.list
 
11:08:21 **** Incremental Build of configuration Debug for project Ex10 ****
make -j8 all 
arm-none-eabi-gcc "../Core/Src/main.c" -mcpu=cortex-m3 -std=gnu11 -g3 -DDEBUG -DUSE_HAL_DRIVER -DSTM32F103x6 -c -I../Core/Inc -I../Drivers/STM32F1xx_HAL_Driver/Inc -I../Drivers/STM32F1xx_HAL_Driver/Inc/Legacy -I../Drivers/CMSIS/Device/ST/STM32F1xx/Include -I../Drivers/CMSIS/Include -O0 -ffunction-sections -fdata-sections -Wall -fstack-usage -MMD -MP -MF"Core/Src/main.d" -MT"Core/Src/main.o" --specs=nano.specs -mfloat-abi=soft -mthumb -o "Core/Src/main.o"
../Core/Src/main.c: In function 'displayTime':
../Core/Src/main.c:137:14: error: 'updataSec' undeclared (first use in this function); did you mean 'updateSec'?
  137 |    if (sec - updataSec >= 5) {
      |              ^~~~~~~~~
      |              updateSec
../Core/Src/main.c:137:14: note: each undeclared identifier is reported only once for each function it appears in
../Core/Src/main.c:136:8: warning: variable 'updateSec' set but not used [-Wunused-but-set-variable]
  136 |    int updateSec = 0;
      |        ^~~~~~~~~
At top level:
../Core/Src/main.c:115:8: warning: 'clearAllClock' defined but not used [-Wunused-function]
  115 |   void clearAllClock() {
      |        ^~~~~~~~~~~~~
../Core/Src/main.c:59:17: warning: 'lastUpdate' defined but not used [-Wunused-variable]
   59 | static uint32_t lastUpdate = 0;
      |                 ^~~~~~~~~~
../Core/Src/main.c:58:12: warning: 'second' defined but not used [-Wunused-variable]
   58 | static int second = 0;
      |            ^~~~~~
../Core/Src/main.c:57:12: warning: 'minute' defined but not used [-Wunused-variable]
   57 | static int minute = 30;
      |            ^~~~~~
../Core/Src/main.c:56:12: warning: 'hour' defined but not used [-Wunused-variable]
   56 | static int hour = 10;
      |            ^~~~
make: *** [Core/Src/subdir.mk:34: Core/Src/main.o] Error 1
"make -j8 all" terminated with exit code 2. Build might be incomplete.
11:08:40 **** Incremental Build of configuration Debug for project Ex10 ****
make -j8 all 
arm-none-eabi-gcc "../Core/Src/main.c" -mcpu=cortex-m3 -std=gnu11 -g3 -DDEBUG -DUSE_HAL_DRIVER -DSTM32F103x6 -c -I../Core/Inc -I../Drivers/STM32F1xx_HAL_Driver/Inc -I../Drivers/STM32F1xx_HAL_Driver/Inc/Legacy -I../Drivers/CMSIS/Device/ST/STM32F1xx/Include -I../Drivers/CMSIS/Include -O0 -ffunction-sections -fdata-sections -Wall -fstack-usage -MMD -MP -MF"Core/Src/main.d" -MT"Core/Src/main.o" --specs=nano.specs -mfloat-abi=soft -mthumb -o "Core/Src/main.o"
../Core/Src/main.c:115:8: warning: 'clearAllClock' defined but not used [-Wunused-function]
  115 |   void clearAllClock() {
      |        ^~~~~~~~~~~~~
../Core/Src/main.c:59:17: warning: 'lastUpdate' defined but not used [-Wunused-variable]
   59 | static uint32_t lastUpdate = 0;
      |                 ^~~~~~~~~~
../Core/Src/main.c:58:12: warning: 'second' defined but not used [-Wunused-variable]
   58 | static int second = 0;
      |            ^~~~~~
../Core/Src/main.c:57:12: warning: 'minute' defined but not used [-Wunused-variable]
   57 | static int minute = 30;
      |            ^~~~~~
../Core/Src/main.c:56:12: warning: 'hour' defined but not used [-Wunused-variable]
   56 | static int hour = 10;
      |            ^~~~
arm-none-eabi-gcc -o "Ex10.elf" @"objects.list"   -mcpu=cortex-m3 -T"C:\Users\nguye\Desktop\VXL\Ex10\Ex10\STM32F103C6UX_FLASH.ld" --specs=nosys.specs -Wl,-Map="Ex10.map" -Wl,--gc-sections -static --specs=nano.specs -mfloat-abi=soft -mthumb -Wl,--start-group -lc -lm -Wl,--end-group
Finished building target: Ex10.elf
 
arm-none-eabi-size   Ex10.elf 
arm-none-eabi-objdump -h -S  Ex10.elf  > "Ex10.list"
arm-none-eabi-objcopy  -O ihex  Ex10.elf  "Ex10.hex"
arm-none-eabi-objcopy  -O binary  Ex10.elf  "Ex10.bin"
   text	   data	    bss	    dec	    hex	filename
   4772	     44	   1572	   6388	   18f4	Ex10.elf
Finished building: default.size.stdout
 
Finished building: Ex10.hex
Finished building: Ex10.bin
 
 
Finished building: Ex10.list
 
11:08:56 **** Incremental Build of configuration Debug for project Ex10 ****
make -j8 all 
arm-none-eabi-size   Ex10.elf 
   text	   data	    bss	    dec	    hex	filename
   4772	     44	   1572	   6388	   18f4	Ex10.elf
Finished building: default.size.stdout
 
11:09:29 **** Incremental Build of configuration Debug for project Ex10 ****
make -j8 all 
arm-none-eabi-size   Ex10.elf 
   text	   data	    bss	    dec	    hex	filename
   4772	     44	   1572	   6388	   18f4	Ex10.elf
Finished building: default.size.stdout
 
11:13:49 **** Incremental Build of configuration Debug for project Ex10 ****
make -j8 all 
arm-none-eabi-gcc "../Core/Src/main.c" -mcpu=cortex-m3 -std=gnu11 -g3 -DDEBUG -DUSE_HAL_DRIVER -DSTM32F103x6 -c -I../Core/Inc -I../Drivers/STM32F1xx_HAL_Driver/Inc -I../Drivers/STM32F1xx_HAL_Driver/Inc/Legacy -I../Drivers/CMSIS/Device/ST/STM32F1xx/Include -I../Drivers/CMSIS/Include -O0 -ffunction-sections -fdata-sections -Wall -fstack-usage -MMD -MP -MF"Core/Src/main.d" -MT"Core/Src/main.o" --specs=nano.specs -mfloat-abi=soft -mthumb -o "Core/Src/main.o"
../Core/Src/main.c: In function 'displayTime':
../Core/Src/main.c:124:21: error: 'minuteLed' undeclared (first use in this function); did you mean 'minute'?
  124 |    setNumberOnClocK(minuteLed);
      |                     ^~~~~~~~~
      |                     minute
../Core/Src/main.c:124:21: note: each undeclared identifier is reported only once for each function it appears in
../Core/Src/main.c:125:21: error: 'secondLed' undeclared (first use in this function); did you mean 'second'?
  125 |    setNumberOnClocK(secondLed);
      |                     ^~~~~~~~~
      |                     second
At top level:
../Core/Src/main.c:115:8: warning: 'clearAllClock' defined but not used [-Wunused-function]
  115 |   void clearAllClock() {
      |        ^~~~~~~~~~~~~
make: *** [Core/Src/subdir.mk:34: Core/Src/main.o] Error 1
"make -j8 all" terminated with exit code 2. Build might be incomplete.
11:14:08 **** Incremental Build of configuration Debug for project Ex10 ****
make -j8 all 
arm-none-eabi-gcc "../Core/Src/main.c" -mcpu=cortex-m3 -std=gnu11 -g3 -DDEBUG -DUSE_HAL_DRIVER -DSTM32F103x6 -c -I../Core/Inc -I../Drivers/STM32F1xx_HAL_Driver/Inc -I../Drivers/STM32F1xx_HAL_Driver/Inc/Legacy -I../Drivers/CMSIS/Device/ST/STM32F1xx/Include -I../Drivers/CMSIS/Include -O0 -ffunction-sections -fdata-sections -Wall -fstack-usage -MMD -MP -MF"Core/Src/main.d" -MT"Core/Src/main.o" --specs=nano.specs -mfloat-abi=soft -mthumb -o "Core/Src/main.o"
../Core/Src/main.c: In function 'displayTime':
../Core/Src/main.c:126:21: error: 'minuteLed' undeclared (first use in this function); did you mean 'minute'?
  126 |    setNumberOnClocK(minuteLed);
      |                     ^~~~~~~~~
      |                     minute
../Core/Src/main.c:126:21: note: each undeclared identifier is reported only once for each function it appears in
../Core/Src/main.c:127:21: error: 'secondLed' undeclared (first use in this function); did you mean 'second'?
  127 |    setNumberOnClocK(secondLed);
      |                     ^~~~~~~~~
      |                     second
make: *** [Core/Src/subdir.mk:34: Core/Src/main.o] Error 1
"make -j8 all" terminated with exit code 2. Build might be incomplete.
11:14:22 **** Incremental Build of configuration Debug for project Ex10 ****
make -j8 all 
arm-none-eabi-gcc "../Core/Src/main.c" -mcpu=cortex-m3 -std=gnu11 -g3 -DDEBUG -DUSE_HAL_DRIVER -DSTM32F103x6 -c -I../Core/Inc -I../Drivers/STM32F1xx_HAL_Driver/Inc -I../Drivers/STM32F1xx_HAL_Driver/Inc/Legacy -I../Drivers/CMSIS/Device/ST/STM32F1xx/Include -I../Drivers/CMSIS/Include -O0 -ffunction-sections -fdata-sections -Wall -fstack-usage -MMD -MP -MF"Core/Src/main.d" -MT"Core/Src/main.o" --specs=nano.specs -mfloat-abi=soft -mthumb -o "Core/Src/main.o"
arm-none-eabi-gcc -o "Ex10.elf" @"objects.list"   -mcpu=cortex-m3 -T"C:\Users\nguye\Desktop\VXL\Ex10\Ex10\STM32F103C6UX_FLASH.ld" --specs=nosys.specs -Wl,-Map="Ex10.map" -Wl,--gc-sections -static --specs=nano.specs -mfloat-abi=soft -mthumb -Wl,--start-group -lc -lm -Wl,--end-group
Finished building target: Ex10.elf
 
arm-none-eabi-size   Ex10.elf 
arm-none-eabi-objdump -h -S  Ex10.elf  > "Ex10.list"
arm-none-eabi-objcopy  -O ihex  Ex10.elf  "Ex10.hex"
arm-none-eabi-objcopy  -O binary  Ex10.elf  "Ex10.bin"
   text	   data	    bss	    dec	    hex	filename
   4836	     52	   1580	   6468	   1944	Ex10.elf
Finished building: default.size.stdout
 
Finished building: Ex10.hex
Finished building: Ex10.bin
Finished building: Ex10.list
 
 
 
11:14:31 **** Incremental Build of configuration Debug for project Ex10 ****
make -j8 all 
arm-none-eabi-size   Ex10.elf 
   text	   data	    bss	    dec	    hex	filename
   4836	     52	   1580	   6468	   1944	Ex10.elf
Finished building: default.size.stdout
 
11:21:11 **** Incremental Build of configuration Debug for project Ex10 ****
make -j8 all 
arm-none-eabi-gcc "../Core/Src/main.c" -mcpu=cortex-m3 -std=gnu11 -g3 -DDEBUG -DUSE_HAL_DRIVER -DSTM32F103x6 -c -I../Core/Inc -I../Drivers/STM32F1xx_HAL_Driver/Inc -I../Drivers/STM32F1xx_HAL_Driver/Inc/Legacy -I../Drivers/CMSIS/Device/ST/STM32F1xx/Include -I../Drivers/CMSIS/Include -O0 -ffunction-sections -fdata-sections -Wall -fstack-usage -MMD -MP -MF"Core/Src/main.d" -MT"Core/Src/main.o" --specs=nano.specs -mfloat-abi=soft -mthumb -o "Core/Src/main.o"
../Core/Src/main.c:59:17: warning: 'lastUpdate' defined but not used [-Wunused-variable]
   59 | static uint32_t lastUpdate = 0;
      |                 ^~~~~~~~~~
arm-none-eabi-gcc -o "Ex10.elf" @"objects.list"   -mcpu=cortex-m3 -T"C:\Users\nguye\Desktop\VXL\Ex10\Ex10\STM32F103C6UX_FLASH.ld" --specs=nosys.specs -Wl,-Map="Ex10.map" -Wl,--gc-sections -static --specs=nano.specs -mfloat-abi=soft -mthumb -Wl,--start-group -lc -lm -Wl,--end-group
Finished building target: Ex10.elf
 
arm-none-eabi-size   Ex10.elf 
arm-none-eabi-objdump -h -S  Ex10.elf  > "Ex10.list"
arm-none-eabi-objcopy  -O ihex  Ex10.elf  "Ex10.hex"
arm-none-eabi-objcopy  -O binary  Ex10.elf  "Ex10.bin"
   text	   data	    bss	    dec	    hex	filename
   4928	     52	   1572	   6552	   1998	Ex10.elf
Finished building: default.size.stdout
 
Finished building: Ex10.hex
Finished building: Ex10.bin
 
 
Finished building: Ex10.list
 
11:21:25 **** Incremental Build of configuration Debug for project Ex10 ****
make -j8 all 
arm-none-eabi-gcc "../Core/Src/main.c" -mcpu=cortex-m3 -std=gnu11 -g3 -DDEBUG -DUSE_HAL_DRIVER -DSTM32F103x6 -c -I../Core/Inc -I../Drivers/STM32F1xx_HAL_Driver/Inc -I../Drivers/STM32F1xx_HAL_Driver/Inc/Legacy -I../Drivers/CMSIS/Device/ST/STM32F1xx/Include -I../Drivers/CMSIS/Include -O0 -ffunction-sections -fdata-sections -Wall -fstack-usage -MMD -MP -MF"Core/Src/main.d" -MT"Core/Src/main.o" --specs=nano.specs -mfloat-abi=soft -mthumb -o "Core/Src/main.o"
arm-none-eabi-gcc -o "Ex10.elf" @"objects.list"   -mcpu=cortex-m3 -T"C:\Users\nguye\Desktop\VXL\Ex10\Ex10\STM32F103C6UX_FLASH.ld" --specs=nosys.specs -Wl,-Map="Ex10.map" -Wl,--gc-sections -static --specs=nano.specs -mfloat-abi=soft -mthumb -Wl,--start-group -lc -lm -Wl,--end-group
Finished building target: Ex10.elf
 
arm-none-eabi-size   Ex10.elf 
arm-none-eabi-objdump -h -S  Ex10.elf  > "Ex10.list"
arm-none-eabi-objcopy  -O ihex  Ex10.elf  "Ex10.hex"
arm-none-eabi-objcopy  -O binary  Ex10.elf  "Ex10.bin"
   text	   data	    bss	    dec	    hex	filename
   4928	     52	   1572	   6552	   1998	Ex10.elf
Finished building: default.size.stdout
 
Finished building: Ex10.hex
Finished building: Ex10.bin
 
Finished building: Ex10.list
 
 
11:33:41 **** Incremental Build of configuration Debug for project Ex10 ****
make -j8 all 
arm-none-eabi-gcc "../Core/Src/main.c" -mcpu=cortex-m3 -std=gnu11 -g3 -DDEBUG -DUSE_HAL_DRIVER -DSTM32F103x6 -c -I../Core/Inc -I../Drivers/STM32F1xx_HAL_Driver/Inc -I../Drivers/STM32F1xx_HAL_Driver/Inc/Legacy -I../Drivers/CMSIS/Device/ST/STM32F1xx/Include -I../Drivers/CMSIS/Include -O0 -ffunction-sections -fdata-sections -Wall -fstack-usage -MMD -MP -MF"Core/Src/main.d" -MT"Core/Src/main.o" --specs=nano.specs -mfloat-abi=soft -mthumb -o "Core/Src/main.o"
arm-none-eabi-gcc -o "Ex10.elf" @"objects.list"   -mcpu=cortex-m3 -T"C:\Users\nguye\Desktop\VXL\Ex10\Ex10\STM32F103C6UX_FLASH.ld" --specs=nosys.specs -Wl,-Map="Ex10.map" -Wl,--gc-sections -static --specs=nano.specs -mfloat-abi=soft -mthumb -Wl,--start-group -lc -lm -Wl,--end-group
Finished building target: Ex10.elf
 
arm-none-eabi-size   Ex10.elf 
arm-none-eabi-objdump -h -S  Ex10.elf  > "Ex10.list"
arm-none-eabi-objcopy  -O ihex  Ex10.elf  "Ex10.hex"
   text	   data	    bss	    dec	    hex	filename
   4928	     52	   1572	   6552	   1998	Ex10.elf
arm-none-eabi-objcopy  -O binary  Ex10.elf  "Ex10.bin"
Finished building: default.size.stdout
 
Finished building: Ex10.hex
Finished building: Ex10.list
Finished building: Ex10.bin
 
 
 
11:35:40 **** Incremental Build of configuration Debug for project Ex10 ****
make -j8 all 
arm-none-eabi-gcc "../Core/Src/main.c" -mcpu=cortex-m3 -std=gnu11 -g3 -DDEBUG -DUSE_HAL_DRIVER -DSTM32F103x6 -c -I../Core/Inc -I../Drivers/STM32F1xx_HAL_Driver/Inc -I../Drivers/STM32F1xx_HAL_Driver/Inc/Legacy -I../Drivers/CMSIS/Device/ST/STM32F1xx/Include -I../Drivers/CMSIS/Include -O0 -ffunction-sections -fdata-sections -Wall -fstack-usage -MMD -MP -MF"Core/Src/main.d" -MT"Core/Src/main.o" --specs=nano.specs -mfloat-abi=soft -mthumb -o "Core/Src/main.o"
arm-none-eabi-gcc -o "Ex10.elf" @"objects.list"   -mcpu=cortex-m3 -T"C:\Users\nguye\Desktop\VXL\Ex10\Ex10\STM32F103C6UX_FLASH.ld" --specs=nosys.specs -Wl,-Map="Ex10.map" -Wl,--gc-sections -static --specs=nano.specs -mfloat-abi=soft -mthumb -Wl,--start-group -lc -lm -Wl,--end-group
Finished building target: Ex10.elf
 
arm-none-eabi-size   Ex10.elf 
arm-none-eabi-objdump -h -S  Ex10.elf  > "Ex10.list"
arm-none-eabi-objcopy  -O ihex  Ex10.elf  "Ex10.hex"
arm-none-eabi-objcopy  -O binary  Ex10.elf  "Ex10.bin"
   text	   data	    bss	    dec	    hex	filename
   4928	     52	   1572	   6552	   1998	Ex10.elf
Finished building: default.size.stdout
 
Finished building: Ex10.hex
Finished building: Ex10.bin
 
 
Finished building: Ex10.list
 
